=== URAI SPATIAL SINGLE BASH STABILIZATION PASS ===
timestamp: 20260325_082901
root: /home/user/urai-spatial

canonical app: /home/user/urai-spatial/node_modules/urai-tier1
target file: /home/user/urai-spatial/node_modules/urai-tier1/src/spatial/scene/SpatialScene.tsx

[1/6] verifying file anchors before patch
[2/6] writing single-scene lock implementation
[3/6] post-write sanity checks
[4/6] snapshotting diff
[5/6] type/build verification
build_rc=1

BUILD FAILED. restore available here:
  /home/user/urai-spatial/_audit/scene_consolidation_interaction_lock_20260325_082901/backup/SpatialScene.tsx.before

--- build.stderr (tail) ---
Failed to type check.

./src/spatial/scene/SpatialScene.tsx:180:16
Type error: Property 'lerpScalar' does not exist on type 'Vector3'.

  [90m178 |[0m
  [90m179 |[0m     mat.opacity = [33mTHREE[0m.[33mMathUtils[0m.lerp(mat.opacity, targetOpacity, [35m0.075[0m);
[31m[1m>[0m [90m180 |[0m     mesh.scale.lerpScalar(targetScale, [35m0.08[0m);
  [90m    |[0m                [31m[1m^[0m
  [90m181 |[0m     mesh.rotation.y += [35m0.0028[0m;
  [90m182 |[0m     mesh.rotation.x += [35m0.0011[0m;
  [90m183 |[0m     mesh.visible = mat.opacity > [35m0.01[0m;
Next.js build worker exited with code: 1 and signal: null

press enter to close... exit
