
== branch ==

== disk before ==

== du -sh '/home/user/urai-spatial/urai-tier1' '/home/user/urai-spatial/urai-tier1/_audit' '/home/user/urai-spatial/.git' '/home/user/.npm' '/home/user/.cache' '/home/user/.local/share/pnpm' 2>/dev/null ==
_MONOSPACE_ENV_STARTED_=http://localhost:80/
570M	/home/user/urai-spatial/urai-tier1
457M	/home/user/urai-spatial/.git
306M	/home/user/.npm
2.8M	/home/user/.cache
2.7G	/home/user/.local/share/pnpm
RC=0

== rm -rf '/home/user/urai-spatial/urai-tier1/.next' '/home/user/urai-spatial/urai-tier1/.turbo' '/home/user/urai-spatial/urai-tier1/.swc' '/home/user/urai-spatial/urai-tier1/.vercel' 2>/dev/null ==
_MONOSPACE_ENV_STARTED_=http://localhost:80/
RC=0

== find '/home/user/urai-spatial/urai-tier1' -type f -name '*.tsbuildinfo' -delete 2>/dev/null ==
_MONOSPACE_ENV_STARTED_=http://localhost:80/
RC=0

== find '/home/user/urai-spatial' -type f -name '*.bak.*' -delete 2>/dev/null ==
_MONOSPACE_ENV_STARTED_=http://localhost:80/
RC=0

== find '/home/user/urai-spatial' -type f -name '*.log' -size +10M -delete 2>/dev/null ==
_MONOSPACE_ENV_STARTED_=http://localhost:80/
RC=0

== find '/home/user/urai-spatial/urai-tier1/_audit' -mindepth 1 -maxdepth 1 -type d -mtime +1 -print -exec rm -rf {} + 2>/dev/null ==
_MONOSPACE_ENV_STARTED_=http://localhost:80/
RC=0

== pnpm store prune ==
_MONOSPACE_ENV_STARTED_=http://localhost:80/
Removed all cached metadata files
Removed 0 files
Removed 0 packages
RC=0

== npm cache clean --force ==
_MONOSPACE_ENV_STARTED_=http://localhost:80/
npm warn using --force Recommended protections disabled.
RC=0

== rm -rf '/home/user/.cache/yarn' '/home/user/.cache/pip' '/home/user/.cache/ms-playwright' 2>/dev/null ==
_MONOSPACE_ENV_STARTED_=http://localhost:80/
RC=0

== git -C '/home/user/urai-spatial' gc --prune=now ==
_MONOSPACE_ENV_STARTED_=http://localhost:80/
RC=0

== disk after cleanup ==

== cd '/home/user/urai-spatial/urai-tier1' && pnpm install --frozen-lockfile ==
_MONOSPACE_ENV_STARTED_=http://localhost:80/
Lockfile is up to date, resolution step is skipped
Already up to date

╭ Warning ─────────────────────────────────────────────────────────────────────╮
│                                                                              │
│   Ignored build scripts: sharp@0.34.5, unrs-resolver@1.11.1.                 │
│   Run "pnpm approve-builds" to pick which dependencies should be allowed     │
│   to run scripts.                                                            │
│                                                                              │
╰──────────────────────────────────────────────────────────────────────────────╯
Done in 2s using pnpm v10.28.2
RC=0

== cd '/home/user/urai-spatial/urai-tier1' && pnpm build ==
_MONOSPACE_ENV_STARTED_=http://localhost:80/

> urai-tier1@0.1.0 build /home/user/urai-spatial/urai-tier1
> next build

▲ Next.js 16.1.6 (Turbopack)

  Creating an optimized production build ...
✓ Compiled successfully in 15.4s
  Running TypeScript ...
  Collecting page data using 1 worker ...
  Generating static pages using 1 worker (0/4) ...
  Generating static pages using 1 worker (1/4) 
  Generating static pages using 1 worker (2/4) 
  Generating static pages using 1 worker (3/4) 
✓ Generating static pages using 1 worker (4/4) in 552.8ms
  Finalizing page optimization ...

Route (app)
┌ ○ /
└ ○ /_not-found


○  (Static)  prerendered as static content

RC=0

== cd '/home/user/urai-spatial/urai-tier1' && firebase hosting:channel:deploy 'preview-20260316_223314' --expires 7d ==
_MONOSPACE_ENV_STARTED_=http://localhost:80/
Authentication Error: Your credentials are no longer valid. Please run firebase login --reauth

For CI servers and headless environments, generate a new token with firebase login:ci
Authentication Error: Your credentials are no longer valid. Please run firebase login --reauth

For CI servers and headless environments, generate a new token with firebase login:ci
Failed to fetch Firebase Project from current Studio Workspace: Authentication Error: Your credentials are no longer valid. Please run firebase login --reauth

For CI servers and headless environments, generate a new token with firebase login:ci
Authentication Error: Your credentials are no longer valid. Please run firebase login --reauth

For CI servers and headless environments, generate a new token with firebase login:ci
Authentication Error: Your credentials are no longer valid. Please run firebase login --reauth

For CI servers and headless environments, generate a new token with firebase login:ci
Authentication Error: Your credentials are no longer valid. Please run firebase login --reauth

For CI servers and headless environments, generate a new token with firebase login:ci
Authentication Error: Your credentials are no longer valid. Please run firebase login --reauth

For CI servers and headless environments, generate a new token with firebase login:ci

Error: Failed to get Firebase project urai-4dc1d. Please make sure the project exists and your account has permission to access it.
RC=2

== done ==
AUDIT=/home/user/urai-spatial/urai-tier1/_audit/recover-build/20260316_223314
