TAP version 13
# Subtest: Council adapters are server-only, authenticated, consent-bound and hard-off until explicitly enabled
ok 1 - Council adapters are server-only, authenticated, consent-bound and hard-off until explicitly enabled
  ---
  duration_ms: 1.69548
  type: 'test'
  ...
# Subtest: Council provider request formats match the governed provider families
ok 2 - Council provider request formats match the governed provider families
  ---
  duration_ms: 0.35945
  type: 'test'
  ...
# Subtest: Council request configuration is distinct from protected runtime acceptance
ok 3 - Council request configuration is distinct from protected runtime acceptance
  ---
  duration_ms: 0.311047
  type: 'test'
  ...
# Subtest: Firebase hosting exposes only the protected server provider boundaries
ok 4 - Firebase hosting exposes only the protected server provider boundaries
  ---
  duration_ms: 0.30632
  type: 'test'
  ...
# Subtest: Council fallback truth distinguishes pre-provider, definite provider attempt, and uncertain transport states
ok 5 - Council fallback truth distinguishes pre-provider, definite provider attempt, and uncertain transport states
  ---
  duration_ms: 0.290047
  type: 'test'
  ...
# Subtest: the default OpenAI request route has no live runtime acceptance claim
ok 6 - the default OpenAI request route has no live runtime acceptance claim
  ---
  duration_ms: 1.89543
  type: 'test'
  ...
# Subtest: public configuration permits requests without becoming runtime acceptance
ok 7 - public configuration permits requests without becoming runtime acceptance
  ---
  duration_ms: 5.036394
  type: 'test'
  ...
# Subtest: disabled providers fail closed before any client HTTP request
ok 8 - disabled providers fail closed before any client HTTP request
  ---
  duration_ms: 1.079253
  type: 'test'
  ...
# Subtest: configured providers retain their actual authenticated consented adapters
ok 9 - configured providers retain their actual authenticated consented adapters
  ---
  duration_ms: 18.144755
  type: 'test'
  ...
# Subtest: denied consent, missing authentication and aborted requests send no HTTP
ok 10 - denied consent, missing authentication and aborted requests send no HTTP
  ---
  duration_ms: 3.188976
  type: 'test'
  ...
# Subtest: provider failure and uncertain processing never mutate runtime acceptance
ok 11 - provider failure and uncertain processing never mutate runtime acceptance
  ---
  duration_ms: 8.304128
  type: 'test'
  ...
# Subtest: the rendered Council and Scenario selectors offer attempts without live claims
ok 12 - the rendered Council and Scenario selectors offer attempts without live claims
  ---
  duration_ms: 96.29527
  type: 'test'
  ...
# Subtest: Council UI uses the existing provider dispatcher and clears prior provider context
ok 13 - Council UI uses the existing provider dispatcher and clears prior provider context
  ---
  duration_ms: 0.67154
  type: 'test'
  ...
# Subtest: council current-account request remains functional
ok 14 - council current-account request remains functional
  ---
  duration_ms: 89.194448
  type: 'test'
  ...
# Subtest: council signout during token refresh prevents dispatch of prior-account data
ok 15 - council signout during token refresh prevents dispatch of prior-account data
  ---
  duration_ms: 29.98746
  type: 'test'
  ...
# Subtest: council signout during response consumption withholds prior-account output
ok 16 - council signout during response consumption withholds prior-account output
  ---
  duration_ms: 28.211212
  type: 'test'
  ...
# Subtest: council switch during token refresh prevents dispatch of prior-account data
ok 17 - council switch during token refresh prevents dispatch of prior-account data
  ---
  duration_ms: 21.131101
  type: 'test'
  ...
# Subtest: council switch during response consumption withholds prior-account output
ok 18 - council switch during response consumption withholds prior-account output
  ---
  duration_ms: 27.635853
  type: 'test'
  ...
# Subtest: council same-uid-replacement during token refresh prevents dispatch of prior-account data
ok 19 - council same-uid-replacement during token refresh prevents dispatch of prior-account data
  ---
  duration_ms: 17.051376
  type: 'test'
  ...
# Subtest: council same-uid-replacement during response consumption withholds prior-account output
ok 20 - council same-uid-replacement during response consumption withholds prior-account output
  ---
  duration_ms: 26.757958
  type: 'test'
  ...
# Subtest: council cancellation before invocation prevents all transport
ok 21 - council cancellation before invocation prevents all transport
  ---
  duration_ms: 24.369772
  type: 'test'
  ...
# Subtest: voice current-account request remains functional
ok 22 - voice current-account request remains functional
  ---
  duration_ms: 24.285505
  type: 'test'
  ...
# Subtest: voice signout during token refresh prevents dispatch of prior-account data
ok 23 - voice signout during token refresh prevents dispatch of prior-account data
  ---
  duration_ms: 9.890132
  type: 'test'
  ...
# Subtest: voice signout during response consumption withholds prior-account output
ok 24 - voice signout during response consumption withholds prior-account output
  ---
  duration_ms: 11.546699
  type: 'test'
  ...
# Subtest: voice switch during token refresh prevents dispatch of prior-account data
ok 25 - voice switch during token refresh prevents dispatch of prior-account data
  ---
  duration_ms: 10.133579
  type: 'test'
  ...
# Subtest: voice switch during response consumption withholds prior-account output
ok 26 - voice switch during response consumption withholds prior-account output
  ---
  duration_ms: 5.657748
  type: 'test'
  ...
# Subtest: voice same-uid-replacement during token refresh prevents dispatch of prior-account data
ok 27 - voice same-uid-replacement during token refresh prevents dispatch of prior-account data
  ---
  duration_ms: 5.819281
  type: 'test'
  ...
# Subtest: voice same-uid-replacement during response consumption withholds prior-account output
ok 28 - voice same-uid-replacement during response consumption withholds prior-account output
  ---
  duration_ms: 5.667963
  type: 'test'
  ...
# Subtest: voice cancellation before invocation prevents all transport
ok 29 - voice cancellation before invocation prevents all transport
  ---
  duration_ms: 5.65896
  type: 'test'
  ...
# Subtest: orb current-account request remains functional
ok 30 - orb current-account request remains functional
  ---
  duration_ms: 32.727254
  type: 'test'
  ...
# Subtest: orb signout during token refresh prevents dispatch of prior-account data
ok 31 - orb signout during token refresh prevents dispatch of prior-account data
  ---
  duration_ms: 9.770642
  type: 'test'
  ...
# Subtest: orb signout during response consumption withholds prior-account output
ok 32 - orb signout during response consumption withholds prior-account output
  ---
  duration_ms: 13.389224
  type: 'test'
  ...
# Subtest: orb switch during token refresh prevents dispatch of prior-account data
ok 33 - orb switch during token refresh prevents dispatch of prior-account data
  ---
  duration_ms: 10.536944
  type: 'test'
  ...
# Subtest: orb switch during response consumption withholds prior-account output
ok 34 - orb switch during response consumption withholds prior-account output
  ---
  duration_ms: 18.822164
  type: 'test'
  ...
# Subtest: orb same-uid-replacement during token refresh prevents dispatch of prior-account data
ok 35 - orb same-uid-replacement during token refresh prevents dispatch of prior-account data
  ---
  duration_ms: 13.290386
  type: 'test'
  ...
# Subtest: orb same-uid-replacement during response consumption withholds prior-account output
ok 36 - orb same-uid-replacement during response consumption withholds prior-account output
  ---
  duration_ms: 10.344411
  type: 'test'
  ...
# Subtest: orb cancellation before invocation prevents all transport
ok 37 - orb cancellation before invocation prevents all transport
  ---
  duration_ms: 9.633487
  type: 'test'
  ...
# Subtest: person voice needs explicit current external consent before any request
ok 38 - person voice needs explicit current external consent before any request
  ---
  duration_ms: 5.728615
  type: 'test'
  ...
# Subtest: Council post-provider consent failure retains truthful attempted-processing disclosure
ok 39 - Council post-provider consent failure retains truthful attempted-processing disclosure
  ---
  duration_ms: 16.973344
  type: 'test'
  ...
# Subtest: mounted Council account change clears private draft, history, result and consent, and aborts the prior request
ok 40 - mounted Council account change clears private draft, history, result and consent, and aborts the prior request
  ---
  duration_ms: 23.441
  type: 'test'
  ...
# Subtest: possible futures is one canonical scenario-world destination and visibly not memory
ok 41 - possible futures is one canonical scenario-world destination and visibly not memory
  ---
  duration_ms: 1.159333
  type: 'test'
  ...
# Subtest: truth authority rejects factual high confidence without sources and scenario promotion to observation
ok 42 - truth authority rejects factual high confidence without sources and scenario promotion to observation
  ---
  duration_ms: 0.728716
  type: 'test'
  ...
# Subtest: scenario provider cannot invent evidence or escape scenario namespace
ok 43 - scenario provider cannot invent evidence or escape scenario namespace
  ---
  duration_ms: 0.756192
  type: 'test'
  ...
# Subtest: scenario entity ids are isolated and scenarios cannot directly trigger external actions
ok 44 - scenario entity ids are isolated and scenarios cannot directly trigger external actions
  ---
  duration_ms: 0.379821
  type: 'test'
  ...
# Subtest: provider-unavailable UI exposes explicit manual scenario instead of fabricated output
ok 45 - provider-unavailable UI exposes explicit manual scenario instead of fabricated output
  ---
  duration_ms: 0.285379
  type: 'test'
  ...
# Subtest: Council scenario perspectives stay inside shared evidence and cannot fabricate consensus or authority
ok 46 - Council scenario perspectives stay inside shared evidence and cannot fabricate consensus or authority
  ---
  duration_ms: 1.079263
  type: 'test'
  ...
# Subtest: launch outcome calibration never claims predictive accuracy or updates personalization weights
ok 47 - launch outcome calibration never claims predictive accuracy or updates personalization weights
  ---
  duration_ms: 0.141723
  type: 'test'
  ...
# Subtest: scenario travel preserves origin and cannot leak scenario truth into reality routes
ok 48 - scenario travel preserves origin and cannot leak scenario truth into reality routes
  ---
  duration_ms: 0.243005
  type: 'test'
  ...
# Subtest: Possible Futures visual world rejects launch-greybox primitives
ok 49 - Possible Futures visual world rejects launch-greybox primitives
  ---
  duration_ms: 5.631038
  type: 'test'
  ...
# Subtest: Possible Futures controls preserve 48px targets and reduced-motion parity
ok 50 - Possible Futures controls preserve 48px targets and reduced-motion parity
  ---
  duration_ms: 0.394293
  type: 'test'
  ...
# Subtest: Possible Futures fails over to a semantic no-WebGL backdrop without mounting R3F
ok 51 - Possible Futures fails over to a semantic no-WebGL backdrop without mounting R3F
  ---
  duration_ms: 0.178218
  type: 'test'
  ...
# Subtest: Possible Futures and AI ledger participate in explicit owner export and deletion rights
ok 52 - Possible Futures and AI ledger participate in explicit owner export and deletion rights
  ---
  duration_ms: 0.580943
  type: 'test'
  ...
# Subtest: Possible Futures Council lens requires explicit consent and preserves hypothetical advisory truth
ok 53 - Possible Futures Council lens requires explicit consent and preserves hypothetical advisory truth
  ---
  duration_ms: 0.237807
  type: 'test'
  ...
# Subtest: Possible Futures returns to the current realm and admits the complete current origin set
ok 54 - Possible Futures returns to the current realm and admits the complete current origin set
  ---
  duration_ms: 0.195074
  type: 'test'
  ...
1..54
# tests 54
# suites 0
# pass 54
# fail 0
# cancelled 0
# skipped 0
# todo 0
# duration_ms 1367.338859
