TAP version 13
# Subtest: Presence pins selected scene, graph, person state, claim values and cutoff instead of accepting arbitrary current bundles
ok 1 - Presence pins selected scene, graph, person state, claim values and cutoff instead of accepting arbitrary current bundles
  ---
  duration_ms: 4.129709
  type: 'test'
  ...
# Subtest: actual Presence handlers deny stale, revoked and foreign-scene dispatch before any provider request
ok 2 - actual Presence handlers deny stale, revoked and foreign-scene dispatch before any provider request
  ---
  duration_ms: 12.689896
  type: 'test'
  ...
# Subtest: claim correction cannot introduce an unbound source before derivative invalidation completes
ok 3 - claim correction cannot introduce an unbound source before derivative invalidation completes
  ---
  duration_ms: 1.833908
  type: 'test'
  ...
# Subtest: accepted claims remain direct invalidation dependencies when aggregate metadata is incomplete
ok 4 - accepted claims remain direct invalidation dependencies when aggregate metadata is incomplete
  ---
  duration_ms: 0.889367
  type: 'test'
  ...
# Subtest: correction, consent revocation and foreign-scene changes during provider execution suppress all private output
ok 5 - correction, consent revocation and foreign-scene changes during provider execution suppress all private output
  ---
  duration_ms: 17.811061
  type: 'test'
  ...
# Subtest: valid simulated output retains only opaque authority lineage and cannot become historical testimony
ok 6 - valid simulated output retains only opaque authority lineage and cannot become historical testimony
  ---
  duration_ms: 4.221733
  type: 'test'
  ...
# Subtest: voice checks source and accepted binding again before delivering any audio bytes
ok 7 - voice checks source and accepted binding again before delivering any audio bytes
  ---
  duration_ms: 9.115096
  type: 'test'
  ...
# Subtest: session/capability handlers carry canonical dependency lineage and deny corrected bundles
ok 8 - session/capability handlers carry canonical dependency lineage and deny corrected bundles
  ---
  duration_ms: 2.15513
  type: 'test'
  ...
# Subtest: dependency correction/revocation reaches sessions and render bindings beyond the old 100-document truncation
ok 9 - dependency correction/revocation reaches sessions and render bindings beyond the old 100-document truncation
  ---
  duration_ms: 14.350057
  type: 'test'
  ...
# Subtest: compiled private Presence preserves canonical RTL language and authority in the retained fixture
ok 10 - compiled private Presence preserves canonical RTL language and authority in the retained fixture
  ---
  duration_ms: 2.716294
  type: 'test'
  ...
# Subtest: compiled private Presence rejects unsupported language before synthetic transport or spend adapter
ok 11 - compiled private Presence rejects unsupported language before synthetic transport or spend adapter
  ---
  duration_ms: 1.092272
  type: 'test'
  ...
1..11
# tests 11
# suites 0
# pass 11
# fail 0
# cancelled 0
# skipped 0
# todo 0
# duration_ms 153.075011
