TAP version 13
# Subtest: current user authority callback denies POST reservation after successful protected preflight
ok 1 - current user authority callback denies POST reservation after successful protected preflight
  ---
  duration_ms: 72.074281
  type: 'test'
  ...
# Subtest: authority callback cannot extend expired protected admission or dispatch after cancellation
ok 2 - authority callback cannot extend expired protected admission or dispatch after cancellation
  ---
  duration_ms: 75.234774
  type: 'test'
  ...
# Subtest: actual unmocked clean Git provenance rejects every dirty untracked or misdeclared provider source
ok 3 - actual unmocked clean Git provenance rejects every dirty untracked or misdeclared provider source
  ---
  duration_ms: 330.928653
  type: 'test'
  ...
# Subtest: actual normalized payload identity survives JSON formatting and key order while wire identity stays exact
ok 4 - actual normalized payload identity survives JSON formatting and key order while wire identity stays exact
  ---
  duration_ms: 103.501425
  type: 'test'
  ...
# Subtest: actual normalized payload executor missing cannot authorize provider dispatch
ok 5 - actual normalized payload executor missing cannot authorize provider dispatch
  ---
  duration_ms: 34.983236
  type: 'test'
  ...
# Subtest: actual normalized payload executor drifted cannot authorize provider dispatch
ok 6 - actual normalized payload executor drifted cannot authorize provider dispatch
  ---
  duration_ms: 35.967336
  type: 'test'
  ...
# Subtest: actual normalized payload controls missing cannot authorize provider dispatch
ok 7 - actual normalized payload controls missing cannot authorize provider dispatch
  ---
  duration_ms: 28.413647
  type: 'test'
  ...
# Subtest: actual normalized payload controls drifted cannot authorize provider dispatch
ok 8 - actual normalized payload controls drifted cannot authorize provider dispatch
  ---
  duration_ms: 40.35903
  type: 'test'
  ...
# Subtest: actual normalized payload pricing missing cannot authorize provider dispatch
ok 9 - actual normalized payload pricing missing cannot authorize provider dispatch
  ---
  duration_ms: 27.087963
  type: 'test'
  ...
# Subtest: actual normalized payload pricing drifted cannot authorize provider dispatch
ok 10 - actual normalized payload pricing drifted cannot authorize provider dispatch
  ---
  duration_ms: 21.564297
  type: 'test'
  ...
# Subtest: actual normalized payload reservation missing cannot authorize provider dispatch
ok 11 - actual normalized payload reservation missing cannot authorize provider dispatch
  ---
  duration_ms: 22.659464
  type: 'test'
  ...
# Subtest: actual normalized payload reservation drifted cannot authorize provider dispatch
ok 12 - actual normalized payload reservation drifted cannot authorize provider dispatch
  ---
  duration_ms: 20.445054
  type: 'test'
  ...
# Subtest: actual helper reserves before its only POST and completed output retains uncertain charges
ok 13 - actual helper reserves before its only POST and completed output retains uncertain charges
  ---
  duration_ms: 27.589066
  type: 'test'
  ...
# Subtest: native Elevation GET binds exact coordinates and separately hashes its query credential
ok 14 - native Elevation GET binds exact coordinates and separately hashes its query credential
  ---
  duration_ms: 32.536457
  type: 'test'
  ...
# Subtest: native Elevation cannot dispatch from labels, missing binding, denial, or an uncertain reserve
ok 15 - native Elevation cannot dispatch from labels, missing binding, denial, or an uncertain reserve
  ---
  duration_ms: 112.444158
  type: 'test'
  ...
# Subtest: Elevation credential replacement and coordinate replay cannot reuse the original protected binding
ok 16 - Elevation credential replacement and coordinate replay cannot reuse the original protected binding
  ---
  duration_ms: 61.512259
  type: 'test'
  ...
# Subtest: Elevation rejects invalid coordinates or a query-injecting key before binding or secret reads
ok 17 - Elevation rejects invalid coordinates or a query-injecting key before binding or secret reads
  ---
  duration_ms: 109.657167
  type: 'test'
  ...
# Subtest: Elevation admission callback runs after genuine preflight and before reservation, then authority is rechecked
ok 18 - Elevation admission callback runs after genuine preflight and before reservation, then authority is rechecked
  ---
  duration_ms: 93.215888
  type: 'test'
  ...
# Subtest: Elevation native redirects are refused and auth cancellation withholds the final output without settling the hold
ok 19 - Elevation native redirects are refused and auth cancellation withholds the final output without settling the hold
  ---
  duration_ms: 29.041882
  type: 'test'
  ...
# Subtest: Elevation parsed output cannot survive an expired admission after its stream completes
ok 20 - Elevation parsed output cannot survive an expired admission after its stream completes
  ---
  duration_ms: 20.150571
  type: 'test'
  ...
# Subtest: Elevation output parser accepts only the bounded single requested coordinate and strips raw provider fields
ok 21 - Elevation output parser accepts only the bounded single requested coordinate and strips raw provider fields
  ---
  duration_ms: 30.118191
  type: 'test'
  ...
# Subtest: Elevation oversized output is withheld
ok 22 - Elevation oversized output is withheld
  ---
  duration_ms: 37.542805
  type: 'test'
  ...
# Subtest: Elevation invalid-json output is withheld
ok 23 - Elevation invalid-json output is withheld
  ---
  duration_ms: 26.208982
  type: 'test'
  ...
# Subtest: Elevation multiple output is withheld
ok 24 - Elevation multiple output is withheld
  ---
  duration_ms: 23.152306
  type: 'test'
  ...
# Subtest: Elevation wrong-coordinate output is withheld
ok 25 - Elevation wrong-coordinate output is withheld
  ---
  duration_ms: 27.188515
  type: 'test'
  ...
# Subtest: Elevation negative-resolution output is withheld
ok 26 - Elevation negative-resolution output is withheld
  ---
  duration_ms: 42.126918
  type: 'test'
  ...
# Subtest: Elevation provider-error output is withheld
ok 27 - Elevation provider-error output is withheld
  ---
  duration_ms: 63.905468
  type: 'test'
  ...
# Subtest: actual functions Maps leaf executes the shared native adapter and withholds revoked output
ok 28 - actual functions Maps leaf executes the shared native adapter and withholds revoked output
  ---
  duration_ms: 130.106818
  type: 'test'
  ...
# Subtest: actual next Maps leaf executes the shared native adapter and withholds revoked output
ok 29 - actual next Maps leaf executes the shared native adapter and withholds revoked output
  ---
  duration_ms: 133.040554
  type: 'test'
  ...
# Subtest: missing protected binding token source or gateway denies all provider calls
ok 30 - missing protected binding token source or gateway denies all provider calls
  ---
  duration_ms: 161.028953
  type: 'test'
  ...
# Subtest: lost committed reserve response holds budget without provider dispatch or retry
ok 31 - lost committed reserve response holds budget without provider dispatch or retry
  ---
  duration_ms: 25.741524
  type: 'test'
  ...
# Subtest: parallel replays dispatch at most once for the same actual paid request
ok 32 - parallel replays dispatch at most once for the same actual paid request
  ---
  duration_ms: 28.443067
  type: 'test'
  ...
# Subtest: unknown stream and outcome record failures retain reservation and prohibit retries
ok 33 - unknown stream and outcome record failures retain reservation and prohibit retries
  ---
  duration_ms: 54.854237
  type: 'test'
  ...
# Subtest: source/head account input header credential tenant and model envelope drift denies dispatch
ok 34 - source/head account input header credential tenant and model envelope drift denies dispatch
  ---
  duration_ms: 302.706525
  type: 'test'
  ...
# Subtest: missing drifted stale or untrusted actual-bound pricing denies reserve and external dispatch
ok 35 - missing drifted stale or untrusted actual-bound pricing denies reserve and external dispatch
  ---
  duration_ms: 302.960041
  type: 'test'
  ...
# Subtest: fresh protected account cap and deployment controls are required locally before reserve
ok 36 - fresh protected account cap and deployment controls are required locally before reserve
  ---
  duration_ms: 106.412508
  type: 'test'
  ...
# Subtest: source or input drift during reserve retains the committed hold and never dispatches
ok 37 - source or input drift during reserve retains the committed hold and never dispatches
  ---
  duration_ms: 34.063443
  type: 'test'
  ...
# Subtest: captured caller cancellation cannot be replaced while admission is pending
ok 38 - captured caller cancellation cannot be replaced while admission is pending
  ---
  duration_ms: 17.054867
  type: 'test'
  ...
# Subtest: preflight cannot claim dispatch authorization and exact runtime source is read twice
ok 39 - preflight cannot claim dispatch authorization and exact runtime source is read twice
  ---
  duration_ms: 40.288894
  type: 'test'
  ...
# Subtest: materialized body and effective headers stay frozen through reservation
ok 40 - materialized body and effective headers stay frozen through reservation
  ---
  duration_ms: 17.844444
  type: 'test'
  ...
# Subtest: caller financial authorization labels cannot replace server metadata or admission
ok 41 - caller financial authorization labels cannot replace server metadata or admission
  ---
  duration_ms: 12.70123
  type: 'test'
  ...
# Subtest: unexpected origin provider identity raw credentials or mismatched body model cannot dispatch
ok 42 - unexpected origin provider identity raw credentials or mismatched body model cannot dispatch
  ---
  duration_ms: 53.603757
  type: 'test'
  ...
# Subtest: aborted and deadline-limited streams retain full charges and never release or retry
ok 43 - aborted and deadline-limited streams retain full charges and never release or retry
  ---
  duration_ms: 2037.875153
  type: 'test'
  ...
# Subtest: actual paid leaf openAiOrbProvider denies absent authentic admission before any external POST
ok 44 - actual paid leaf openAiOrbProvider denies absent authentic admission before any external POST
  ---
  duration_ms: 66.37289
  type: 'test'
  ...
# Subtest: actual paid leaf openAiOrbProvider uses protected exact request and retains stream charges
ok 45 - actual paid leaf openAiOrbProvider uses protected exact request and retains stream charges
  ---
  duration_ms: 53.241587
  type: 'test'
  ...
# Subtest: actual paid leaf openAiOrbProvider preserves authentication consent and rights denial
ok 46 - actual paid leaf openAiOrbProvider preserves authentication consent and rights denial
  ---
  duration_ms: 89.759437
  type: 'test'
  ...
# Subtest: actual paid leaf openAiOrbProvider denies missing actual-bound price proof before reservation
ok 47 - actual paid leaf openAiOrbProvider denies missing actual-bound price proof before reservation
  ---
  duration_ms: 36.560598
  type: 'test'
  ...
# Subtest: actual paid leaf elevenLabsVoiceProvider denies absent authentic admission before any external POST
ok 48 - actual paid leaf elevenLabsVoiceProvider denies absent authentic admission before any external POST
  ---
  duration_ms: 33.929693
  type: 'test'
  ...
# Subtest: actual paid leaf elevenLabsVoiceProvider uses protected exact request and retains stream charges
ok 49 - actual paid leaf elevenLabsVoiceProvider uses protected exact request and retains stream charges
  ---
  duration_ms: 65.202771
  type: 'test'
  ...
# Subtest: actual paid leaf elevenLabsVoiceProvider preserves authentication consent and rights denial
ok 50 - actual paid leaf elevenLabsVoiceProvider preserves authentication consent and rights denial
  ---
  duration_ms: 116.134335
  type: 'test'
  ...
# Subtest: actual paid leaf elevenLabsVoiceProvider denies missing actual-bound price proof before reservation
ok 51 - actual paid leaf elevenLabsVoiceProvider denies missing actual-bound price proof before reservation
  ---
  duration_ms: 54.525989
  type: 'test'
  ...
# Subtest: actual paid leaf adamPresenceProvider denies absent authentic admission before any external POST
ok 52 - actual paid leaf adamPresenceProvider denies absent authentic admission before any external POST
  ---
  duration_ms: 50.088117
  type: 'test'
  ...
# Subtest: actual paid leaf adamPresenceProvider uses protected exact request and retains stream charges
ok 53 - actual paid leaf adamPresenceProvider uses protected exact request and retains stream charges
  ---
  duration_ms: 40.834323
  type: 'test'
  ...
# Subtest: actual paid leaf adamPresenceProvider preserves authentication consent and rights denial
ok 54 - actual paid leaf adamPresenceProvider preserves authentication consent and rights denial
  ---
  duration_ms: 67.811588
  type: 'test'
  ...
# Subtest: actual paid leaf adamPresenceProvider denies missing actual-bound price proof before reservation
ok 55 - actual paid leaf adamPresenceProvider denies missing actual-bound price proof before reservation
  ---
  duration_ms: 35.989403
  type: 'test'
  ...
# Subtest: actual paid leaf adamFounderVoiceProvider denies absent authentic admission before any external POST
ok 56 - actual paid leaf adamFounderVoiceProvider denies absent authentic admission before any external POST
  ---
  duration_ms: 46.288594
  type: 'test'
  ...
# Subtest: actual paid leaf adamFounderVoiceProvider uses protected exact request and retains stream charges
ok 57 - actual paid leaf adamFounderVoiceProvider uses protected exact request and retains stream charges
  ---
  duration_ms: 31.22105
  type: 'test'
  ...
# Subtest: actual paid leaf adamFounderVoiceProvider preserves authentication consent and rights denial
ok 58 - actual paid leaf adamFounderVoiceProvider preserves authentication consent and rights denial
  ---
  duration_ms: 52.726313
  type: 'test'
  ...
# Subtest: actual paid leaf adamFounderVoiceProvider denies missing actual-bound price proof before reservation
ok 59 - actual paid leaf adamFounderVoiceProvider denies missing actual-bound price proof before reservation
  ---
  duration_ms: 27.336699
  type: 'test'
  ...
# Subtest: actual paid leaf personPresenceProvider denies absent authentic admission before any external POST
ok 60 - actual paid leaf personPresenceProvider denies absent authentic admission before any external POST
  ---
  duration_ms: 23.630848
  type: 'test'
  ...
# Subtest: actual paid leaf personPresenceProvider uses protected exact request and retains stream charges
ok 61 - actual paid leaf personPresenceProvider uses protected exact request and retains stream charges
  ---
  duration_ms: 39.641099
  type: 'test'
  ...
# Subtest: actual paid leaf personPresenceProvider preserves authentication consent and rights denial
ok 62 - actual paid leaf personPresenceProvider preserves authentication consent and rights denial
  ---
  duration_ms: 72.893513
  type: 'test'
  ...
# Subtest: actual paid leaf personPresenceProvider denies missing actual-bound price proof before reservation
ok 63 - actual paid leaf personPresenceProvider denies missing actual-bound price proof before reservation
  ---
  duration_ms: 29.949628
  type: 'test'
  ...
# Subtest: actual paid leaf personPresenceVoiceProvider denies absent authentic admission before any external POST
ok 64 - actual paid leaf personPresenceVoiceProvider denies absent authentic admission before any external POST
  ---
  duration_ms: 34.135712
  type: 'test'
  ...
# Subtest: actual paid leaf personPresenceVoiceProvider uses protected exact request and retains stream charges
ok 65 - actual paid leaf personPresenceVoiceProvider uses protected exact request and retains stream charges
  ---
  duration_ms: 40.633802
  type: 'test'
  ...
# Subtest: actual paid leaf personPresenceVoiceProvider preserves authentication consent and rights denial
ok 66 - actual paid leaf personPresenceVoiceProvider preserves authentication consent and rights denial
  ---
  duration_ms: 60.372869
  type: 'test'
  ...
# Subtest: actual paid leaf personPresenceVoiceProvider denies missing actual-bound price proof before reservation
ok 67 - actual paid leaf personPresenceVoiceProvider denies missing actual-bound price proof before reservation
  ---
  duration_ms: 22.020788
  type: 'test'
  ...
# Subtest: actual paid leaf anthropicCouncilProvider denies absent authentic admission before any external POST
ok 68 - actual paid leaf anthropicCouncilProvider denies absent authentic admission before any external POST
  ---
  duration_ms: 26.809998
  type: 'test'
  ...
# Subtest: actual paid leaf anthropicCouncilProvider uses protected exact request and retains stream charges
ok 69 - actual paid leaf anthropicCouncilProvider uses protected exact request and retains stream charges
  ---
  duration_ms: 37.971709
  type: 'test'
  ...
# Subtest: actual paid leaf anthropicCouncilProvider preserves authentication consent and rights denial
ok 70 - actual paid leaf anthropicCouncilProvider preserves authentication consent and rights denial
  ---
  duration_ms: 43.902927
  type: 'test'
  ...
# Subtest: actual paid leaf anthropicCouncilProvider denies missing actual-bound price proof before reservation
ok 71 - actual paid leaf anthropicCouncilProvider denies missing actual-bound price proof before reservation
  ---
  duration_ms: 25.227318
  type: 'test'
  ...
# Subtest: actual paid leaf geminiCouncilProvider denies absent authentic admission before any external POST
ok 72 - actual paid leaf geminiCouncilProvider denies absent authentic admission before any external POST
  ---
  duration_ms: 25.011454
  type: 'test'
  ...
# Subtest: actual paid leaf geminiCouncilProvider uses protected exact request and retains stream charges
ok 73 - actual paid leaf geminiCouncilProvider uses protected exact request and retains stream charges
  ---
  duration_ms: 27.781218
  type: 'test'
  ...
# Subtest: actual paid leaf geminiCouncilProvider preserves authentication consent and rights denial
ok 74 - actual paid leaf geminiCouncilProvider preserves authentication consent and rights denial
  ---
  duration_ms: 56.204242
  type: 'test'
  ...
# Subtest: actual paid leaf geminiCouncilProvider denies missing actual-bound price proof before reservation
ok 75 - actual paid leaf geminiCouncilProvider denies missing actual-bound price proof before reservation
  ---
  duration_ms: 27.075787
  type: 'test'
  ...
# Subtest: actual paid leaf xaiCouncilProvider denies absent authentic admission before any external POST
ok 76 - actual paid leaf xaiCouncilProvider denies absent authentic admission before any external POST
  ---
  duration_ms: 28.215351
  type: 'test'
  ...
# Subtest: actual paid leaf xaiCouncilProvider uses protected exact request and retains stream charges
ok 77 - actual paid leaf xaiCouncilProvider uses protected exact request and retains stream charges
  ---
  duration_ms: 34.916741
  type: 'test'
  ...
# Subtest: actual paid leaf xaiCouncilProvider preserves authentication consent and rights denial
ok 78 - actual paid leaf xaiCouncilProvider preserves authentication consent and rights denial
  ---
  duration_ms: 74.024023
  type: 'test'
  ...
# Subtest: actual paid leaf xaiCouncilProvider denies missing actual-bound price proof before reservation
ok 79 - actual paid leaf xaiCouncilProvider denies missing actual-bound price proof before reservation
  ---
  duration_ms: 37.275999
  type: 'test'
  ...
# Subtest: actual paid leaf mistralCouncilProvider denies absent authentic admission before any external POST
ok 80 - actual paid leaf mistralCouncilProvider denies absent authentic admission before any external POST
  ---
  duration_ms: 41.92298
  type: 'test'
  ...
# Subtest: actual paid leaf mistralCouncilProvider uses protected exact request and retains stream charges
ok 81 - actual paid leaf mistralCouncilProvider uses protected exact request and retains stream charges
  ---
  duration_ms: 38.59726
  type: 'test'
  ...
# Subtest: actual paid leaf mistralCouncilProvider preserves authentication consent and rights denial
ok 82 - actual paid leaf mistralCouncilProvider preserves authentication consent and rights denial
  ---
  duration_ms: 67.584842
  type: 'test'
  ...
# Subtest: actual paid leaf mistralCouncilProvider denies missing actual-bound price proof before reservation
ok 83 - actual paid leaf mistralCouncilProvider denies missing actual-bound price proof before reservation
  ---
  duration_ms: 47.108351
  type: 'test'
  ...
# Subtest: protected issuer mismatch or missing gateway pin denies token lookup and all HTTP
ok 84 - protected issuer mismatch or missing gateway pin denies token lookup and all HTTP
  ---
  duration_ms: 68.481471
  type: 'test'
  ...
# Subtest: missing malformed expired or overlong preflight admission windows cannot reserve
ok 85 - missing malformed expired or overlong preflight admission windows cannot reserve
  ---
  duration_ms: 86.583856
  type: 'test'
  ...
# Subtest: actual approval context digest caps signer and temporal fields are mandatory
ok 86 - actual approval context digest caps signer and temporal fields are mandatory
  ---
  duration_ms: 255.755118
  type: 'test'
  ...
# Subtest: actual source authority context cannot be missing untrusted foreign stale or future
ok 87 - actual source authority context cannot be missing untrusted foreign stale or future
  ---
  duration_ms: 106.883985
  type: 'test'
  ...
# Subtest: delayed reserve delivery cannot outlive the original approval minimum
ok 88 - delayed reserve delivery cannot outlive the original approval minimum
  ---
  duration_ms: 17.739484
  type: 'test'
  ...
# Subtest: delayed reserve delivery cannot outlive the original authority minimum
ok 89 - delayed reserve delivery cannot outlive the original authority minimum
  ---
  duration_ms: 15.316961
  type: 'test'
  ...
# Subtest: delayed reserve delivery cannot outlive the original deployment minimum
ok 90 - delayed reserve delivery cannot outlive the original deployment minimum
  ---
  duration_ms: 14.8903
  type: 'test'
  ...
# Subtest: delayed reserve delivery cannot outlive the original controls minimum
ok 91 - delayed reserve delivery cannot outlive the original controls minimum
  ---
  duration_ms: 16.268652
  type: 'test'
  ...
# Subtest: delayed reserve delivery cannot outlive the original account minimum
ok 92 - delayed reserve delivery cannot outlive the original account minimum
  ---
  duration_ms: 15.96119
  type: 'test'
  ...
# Subtest: delayed reserve delivery cannot outlive the original pricing minimum
ok 93 - delayed reserve delivery cannot outlive the original pricing minimum
  ---
  duration_ms: 21.207649
  type: 'test'
  ...
# Subtest: delayed reserve delivery cannot outlive the original rates minimum
ok 94 - delayed reserve delivery cannot outlive the original rates minimum
  ---
  duration_ms: 25.406462
  type: 'test'
  ...
# Subtest: missing malformed old future expired or extended reserve timestamps retain the hold without dispatch
ok 95 - missing malformed old future expired or extended reserve timestamps retain the hold without dispatch
  ---
  duration_ms: 217.017422
  type: 'test'
  ...
# Subtest: reserve round trip consumes local runtime even if the server commits late
ok 96 - reserve round trip consumes local runtime even if the server commits late
  ---
  duration_ms: 17.168996
  type: 'test'
  ...
# Subtest: fresh time is checked after the final blocking source read beside dispatch
ok 97 - fresh time is checked after the final blocking source read beside dispatch
  ---
  duration_ms: 16.991739
  type: 'test'
  ...
# Subtest: actual source drift while provider fetch is awaiting suppresses returned output
ok 98 - actual source drift while provider fetch is awaiting suppresses returned output
  ---
  duration_ms: 17.558572
  type: 'test'
  ...
# Subtest: actual input drift while provider fetch is awaiting suppresses returned output
ok 99 - actual input drift while provider fetch is awaiting suppresses returned output
  ---
  duration_ms: 18.33555
  type: 'test'
  ...
# Subtest: actual body drift while provider fetch is awaiting suppresses returned output
ok 100 - actual body drift while provider fetch is awaiting suppresses returned output
  ---
  duration_ms: 16.517897
  type: 'test'
  ...
# Subtest: actual credential drift while provider fetch is awaiting suppresses returned output
ok 101 - actual credential drift while provider fetch is awaiting suppresses returned output
  ---
  duration_ms: 24.18785
  type: 'test'
  ...
# Subtest: actual semantic headers drift while provider fetch is awaiting suppresses returned output
ok 102 - actual semantic headers drift while provider fetch is awaiting suppresses returned output
  ---
  duration_ms: 17.627395
  type: 'test'
  ...
# Subtest: a delayed provider body chunk cannot become accepted output after absolute expiry
ok 103 - a delayed provider body chunk cannot become accepted output after absolute expiry
  ---
  duration_ms: 27.423695
  type: 'test'
  ...
# Subtest: a delayed record acknowledgement cannot close an otherwise empty successful stream
ok 104 - a delayed record acknowledgement cannot close an otherwise empty successful stream
  ---
  duration_ms: 24.6069
  type: 'test'
  ...
# Subtest: the original abort timer remains active while the final record acknowledgement is pending
ok 105 - the original abort timer remains active while the final record acknowledgement is pending
  ---
  duration_ms: 221.824676
  type: 'test'
  ...
# Subtest: expiry while consuming the preflight gateway response body cannot renew admission
ok 106 - expiry while consuming the preflight gateway response body cannot renew admission
  ---
  duration_ms: 21.954371
  type: 'test'
  ...
# Subtest: expiry while consuming the reserve gateway response body cannot renew admission
ok 107 - expiry while consuming the reserve gateway response body cannot renew admission
  ---
  duration_ms: 21.853179
  type: 'test'
  ...
# Subtest: expiry while consuming the record gateway response body cannot renew admission
ok 108 - expiry while consuming the record gateway response body cannot renew admission
  ---
  duration_ms: 23.064581
  type: 'test'
  ...
# Subtest: source drift during awaited outcome recording suppresses successful stream completion and retains hold
ok 109 - source drift during awaited outcome recording suppresses successful stream completion and retains hold
  ---
  duration_ms: 36.248504
  type: 'test'
  ...
# Subtest: deadline exhausted during awaited outcome recording suppresses successful stream completion and retains hold
ok 110 - deadline exhausted during awaited outcome recording suppresses successful stream completion and retains hold
  ---
  duration_ms: 2023.97544
  type: 'test'
  ...
# Subtest: gateway credentials remain local when configured origin differs from the secret-bound gateway
ok 111 - gateway credentials remain local when configured origin differs from the secret-bound gateway
  ---
  duration_ms: 30.902237
  type: 'test'
  ...
# Subtest: missing or expired preflight admission deadlines deny before reservation
ok 112 - missing or expired preflight admission deadlines deny before reservation
  ---
  duration_ms: 42.64203
  type: 'test'
  ...
# Subtest: missing expired or extended reservation deadlines retain the hold with zero provider POSTs
ok 113 - missing expired or extended reservation deadlines retain the hold with zero provider POSTs
  ---
  duration_ms: 84.024143
  type: 'test'
  ...
# Subtest: reservation response latency consumes the approved runtime and never resets it
ok 114 - reservation response latency consumes the approved runtime and never resets it
  ---
  duration_ms: 2116.247998
  type: 'test'
  ...
# Subtest: source or corrected input changes while awaiting an output chunk suppress it and retain the hold
ok 115 - source or corrected input changes while awaiting an output chunk suppress it and retain the hold
  ---
  duration_ms: 34.625053
  type: 'test'
  ...
# Subtest: secret issuer origin cannot diverge even when protected binding and environment agree
ok 116 - secret issuer origin cannot diverge even when protected binding and environment agree
  ---
  duration_ms: 13.173979
  type: 'test'
  ...
# Subtest: monotonic elapsed runtime suppresses output when wall clock remains before expiry
ok 117 - monotonic elapsed runtime suppresses output when wall clock remains before expiry
  ---
  duration_ms: 15.711995
  type: 'test'
  ...
# Subtest: semantic input identity hashes normalized actual JSON independently of transport formatting and source labels
ok 118 - semantic input identity hashes normalized actual JSON independently of transport formatting and source labels
  ---
  duration_ms: 48.54231
  type: 'test'
  ...
# Subtest: missing or changed protected semantic input identity blocks before reading the worker token
ok 119 - missing or changed protected semantic input identity blocks before reading the worker token
  ---
  duration_ms: 25.590469
  type: 'test'
  ...
# Subtest: missing or changed executor semantic input identity blocks before reserve
ok 120 - missing or changed executor semantic input identity blocks before reserve
  ---
  duration_ms: 35.218236
  type: 'test'
  ...
# Subtest: missing or changed protected_controls semantic input identity blocks before reserve
ok 121 - missing or changed protected_controls semantic input identity blocks before reserve
  ---
  duration_ms: 28.532994
  type: 'test'
  ...
# Subtest: missing or changed protected_pricing semantic input identity blocks before reserve
ok 122 - missing or changed protected_pricing semantic input identity blocks before reserve
  ---
  duration_ms: 28.870491
  type: 'test'
  ...
# Subtest: missing or changed reserve semantic identity retains the full hold without a provider POST
ok 123 - missing or changed reserve semantic identity retains the full hold without a provider POST
  ---
  duration_ms: 29.163291
  type: 'test'
  ...
# Subtest: canonical shared account concurrency must be bounded and matched in account
ok 124 - canonical shared account concurrency must be bounded and matched in account
  ---
  duration_ms: 80.529622
  type: 'test'
  ...
# Subtest: canonical shared account concurrency must be bounded and matched in budget
ok 125 - canonical shared account concurrency must be bounded and matched in budget
  ---
  duration_ms: 78.716883
  type: 'test'
  ...
# Subtest: canonical shared account concurrency must be bounded and matched in approval
ok 126 - canonical shared account concurrency must be bounded and matched in approval
  ---
  duration_ms: 99.650148
  type: 'test'
  ...
# Subtest: canonical shared account concurrency must be bounded and matched in protected_controls
ok 127 - canonical shared account concurrency must be bounded and matched in protected_controls
  ---
  duration_ms: 78.312284
  type: 'test'
  ...
# Subtest: a missing or frozen protected account cannot reserve or dispatch
ok 128 - a missing or frozen protected account cannot reserve or dispatch
  ---
  duration_ms: 54.244195
  type: 'test'
  ...
1..128
# tests 128
# suites 0
# pass 128
# fail 0
# cancelled 0
# skipped 0
# todo 0
# duration_ms 13604.439625
