=== PASS 2B: CAMERA AUTHORITY (SAFE) ===
Running typecheck...
Running build...

> urai-spatial-monorepo@ build /home/user/urai-spatial
> pnpm --filter urai-tier1 build


> urai-tier1@0.1.0 build /home/user/urai-spatial/urai-tier1
> next build --webpack

▲ Next.js 16.2.1 (webpack)

  Creating an optimized production build ...
✓ Compiled successfully in 9.4s
  Running TypeScript ...
Failed to type check.

./src/spatial/hooks/useCameraController.ts:4:31
Type error: Cannot find module '@/lib/uraiCanon/useCanonState' or its corresponding type declarations.

  [90m2 |[0m [36mimport[0m { useRef } [36mfrom[0m [32m'react'[0m
  [90m3 |[0m [36mimport[0m * [36mas[0m [33mTHREE[0m [36mfrom[0m [32m'three'[0m
[31m[1m>[0m [90m4 |[0m [36mimport[0m { useCanonState } [36mfrom[0m [32m'@/lib/uraiCanon/useCanonState'[0m
  [90m  |[0m                               [31m[1m^[0m
  [90m5 |[0m
  [90m6 |[0m [36mconst[0m [33mHOME_POS[0m = [36mnew[0m [33mTHREE[0m.[33mVector3[0m([35m0[0m, [35m1.6[0m, [35m6[0m)
  [90m7 |[0m [36mconst[0m [33mHOME_TARGET[0m = [36mnew[0m [33mTHREE[0m.[33mVector3[0m([35m0[0m, [35m1.2[0m, [35m0[0m)
Next.js build worker exited with code: 1 and signal: null
/home/user/urai-spatial/urai-tier1:
 ERR_PNPM_RECURSIVE_RUN_FIRST_FAIL  urai-tier1@0.1.0 build: `next build --webpack`
Exit status 1
 ELIFECYCLE  Command failed with exit code 1.
FAILED: Build failed
Press ENTER to exit...exit
