=== START ===
Sat May  2 06:50:08 PM UTC 2026

=== PWD ===
/home/user/urai-spatial

=== ROOT LS ===
total 1404
drwxr-xr-x  23 user user   4096 May  2 18:50 .
drwxr-xr-x  18 user user   4096 May  2 16:26 ..
drwxr-xr-x  43 user user   4096 Apr 11 08:59 .ai-backups
-rwxr-xr-x   1 user user   8216 Apr 11 08:59 apply_tier1_lock.sh
-rw-r--r--   1 user user   2352 Apr 11 08:59 ARCHITECTURAL_INVARIANTS_SPATIAL.md
drwxr-xr-x  12 user user   4096 Apr  5 09:40 *audit
drwxr-xr-x 128 user user  12288 Apr 28 15:51 _audit
-rw-r--r--   1 user user   1322 Apr 11 08:59 AUDIT_CANONICAL_RUNTIME.md
drwxr-xr-x   3 user user   4096 Mar 25 00:11 _backup
drwxr-xr-x   2 user user   4096 Apr 11 08:59 .bak
-rw-r--r--   1 user user    539 Apr 11 08:59 CANONICAL_APP_PATH.md
-rw-r--r--   1 user user 116295 Apr 14 18:24 CANONICAL_AUDIT.md
-rw-r--r--   1 user user  10596 Apr 11 08:59 canon_lock_debug_20260326_233558.log
-rw-r--r--   1 user user    100 May  2 18:50 canon_lock_debug_20260502_185008.log
-rw-r--r--   1 user user      0 Apr 11 08:59 Click
-rw-r--r--   1 user user   2859 Apr 11 08:59 CONTRIBUTING.md
-rw-r--r--   1 user user    749 Apr 11 08:59 decoded.js
-rw-r--r--   1 user user     36 Apr 11 08:59 DETERMINISM_AUDIT.md
-rw-r--r--   1 user user      0 Apr 11 08:59 dev
drwxr-xr-x   3 user user   4096 Mar 18 00:56 docs
-rw-r--r--   1 user user      0 Apr 11 08:59 ensuring
-rw-r--r--   1 user user    428 Apr 11 08:59 .env.example
-rw-r--r--   1 user user    894 Apr 28 16:23 .env.local
-rw-r--r--   1 user user     49 Apr 11 08:59 .eslintignore
-rw-r--r--   1 user user  22115 Mar 16 12:45 firebase-debug.log
-rw-r--r--   1 user user    666 Apr 11 08:59 firebase.json
-rw-r--r--   1 user user    118 Apr 11 08:59 .firebaserc
-rwxr-xr-x   1 user user   1248 Apr 11 08:59 fix_visibility_tier1.sh
drwxr-xr-x   2 user user   4096 Apr  4 16:57 frames_20260404_165753
drwxr-xr-x   9 user user   4096 May  1 23:22 .git
-rw-r--r--   1 user user    269 Apr 11 08:59 .gitignore
drwxr-xr-x   2 user user   4096 Apr 11 08:59 .governance
drwxr-xr-x   3 user user   4096 Feb 24 09:21 home
-rw-r--r--   1 user user   1625 Apr 11 08:59 h -u origin main --tags
drwxr-xr-x   2 user user   4096 Apr 11 08:59 .idx
drwxr-xr-x   2 user user   4096 Mar 18 12:04 _lockfile_backup
-rw-r--r--   1 user user   1510 Apr 11 08:59 LOCK.md
drwxr-xr-x  29 user user  12288 Apr 16 07:36 node_modules
-rw-r--r--   1 user user      0 Apr 11 08:59 normalizing
-rw-r--r--   1 user user      7 Apr 11 08:59 npx
drwxr-xr-x   2 user user   4096 Apr 11 08:59 _ops
-rw-r--r--   1 user user    792 Apr 11 08:59 package.json
-rwxr-xr-x   1 user user   2039 Apr 11 08:59 PASS_38B_starfield_wrapper_lock_relaxed.sh
-rwxr-xr-x   1 user user   1438 Apr 11 08:59 PASS_38C_starfield_wrapper_minimal.sh
-rwxr-xr-x   1 user user   1901 Apr 11 08:59 PASS_38_starfield_wrapper_lock.sh
-rwxr-xr-x   1 user user  27484 Apr 11 08:59 PASS_6_replay_entry_depth_lock.sh
-rwxr-xr-x   1 user user   4298 Apr 11 08:59 PASS_extract_live_canon_surface.sh
-rwxr-xr-x   1 user user   3771 Apr 11 08:59 PASS_force_live_runtime_extract.sh
-rwxr-xr-x   1 user user   6680 Apr 11 08:59 PASS_lifemap_home_audit_lock.sh
-rw-r--r--   1 user user    474 Apr 11 08:59 patch.txt
-rw-r--r--   1 user user      9 Apr 11 08:59 path
-rw-r--r--   1 user user    451 Apr 11 08:59 playwright.config.ts
-rw-r--r--   1 user user      0 Apr 11 08:59 pnpm
-rw-r--r--   1 user user 123775 Apr 25 12:31 pnpm-lock.yaml
-rw-r--r--   1 user user     66 Apr 11 08:59 pnpm-workspace.yaml
drwxr-xr-x   7 user user   4096 Apr 11 08:59 _quarantine
-rw-r--r--   1 user user  11558 May  1 23:39 README.md
drwxr-xr-x   3 user user   4096 Mar 24 23:40 _repair_backups
-rwxr-xr-x   1 user user   1189 Apr 11 08:59 run-canon-lock-safe.sh
drwxr-xr-x   2 user user   4096 Apr 11 08:59 scripts
-rw-r--r--   1 user user   1188 Apr 11 08:59 SPATIAL_TIER1_AUDIT.md
-rw-r--r--   1 user user   2892 Apr 11 08:59 SPATIAL_V1_LOCK.md
-rw-r--r--   1 user user   4344 Apr 11 08:59 SPATIAL_V2_TRUST_ROADMAP.md
-rw-r--r--   1 user user   2977 Apr 11 08:59 SPATIAL_VISUAL_LOCK.md
-rw-r--r--   1 user user    100 Apr 11 08:59 spatial-web@0.0.1
drwxr-xr-x   5 user user   4096 Mar 28 11:38 src
-rwxr-xr-x   1 user user   5265 Apr 11 08:59 tier1_interaction_lock.sh
-rw-r--r--   1 user user  16974 Apr 11 08:59 TIER1_LOCK_CHECKLIST.md
-rw-r--r--   1 user user     50 Apr 11 08:59 TIER1_LOCK.md
-rw-r--r--   1 user user  11152 Apr 11 08:59 TIER1_LOCK_SHEET.md
-rw-r--r--   1 user user   1234 Apr 11 08:59 TIER1_SPATIAL_LOCK.md
-rw-r--r--   1 user user   1605 Apr 11 08:59 TIER1_START_PROTOCOL.md
-rw-r--r--   1 user user   1168 Apr 11 08:59 TIER1_STATUS.md
-rw-r--r--   1 user user   5155 Apr 11 08:59 TIER3_COMPLETION_PLAN.md
-rwxr-xr-x   1 user user   8817 Apr 14 05:18 tier3_fix_and_build.sh
-rwxr-xr-x   1 user user   7913 Apr 14 05:12 tier3_lock_replay.sh
-rw-r--r--   1 user user    108 Apr 11 08:59 tsconfig.base.json
-rw-r--r--   1 user user    608 Apr 11 08:59 tsconfig.json
-rw-r--r--   1 user user 629915 Apr 11 08:59 tsconfig.tsbuildinfo
-rw-r--r--   1 user user      0 Apr 11 08:59 typecheck
-rw-r--r--   1 user user   2062 Apr 11 08:59 URAI_ECOSYSTEM_ARCHITECTURE.md
-rw-r--r--   1 user user   2517 Apr 11 08:59 URAI_ECOSYSTEM_AUDIT.md
-rw-r--r--   1 user user   2371 Apr 11 08:59 URAI_ECOSYSTEM_COMPLETION.md
-rw-r--r--   1 user user   2881 Apr 11 08:59 URAI_ECOSYSTEM_DEPLOYMENT.md
-rw-r--r--   1 user user   3094 Apr 11 08:59 URAI_ECOSYSTEM_ROADMAP.md
-rw-r--r--   1 user user   8889 Apr 11 08:59 URAI_SPATIAL_ARCHITECTURE.md
-rw-r--r--   1 user user   8991 Apr 11 08:59 URAI_SPATIAL_DEVELOPMENT_PLAN.md
-rw-r--r--   1 user user   4231 Apr 11 08:59 URAI-SPATIAL-LOCK-SEQUENCE.md
-rw-r--r--   1 user user    100 Apr 19 12:46 urai-spatial-monorepo@
-rw-r--r--   1 user user  14528 Apr 11 08:59 URAI-SPATIAL-VISUAL-HARDENING-EXECUTION-BRIEF.md
-rw-r--r--   1 user user      0 Apr 11 08:59 urai-staging@1.0.0
drwxr-xr-x  27 user user  32768 May  2 08:11 urai-tier1
drwxr-xr-x   3 user user   4096 Apr 14 20:43 urai-tier1pnpm
-rw-r--r--   1 user user   3907 Apr 11 08:59 URAI-V1-FOUNDER-LOCK.md
-rw-r--r--   1 user user     15 Apr 11 08:59 VERSION.txt
drwxr-xr-x   3 user user   4096 Apr 28 15:46 voice_tests
-rw-r--r--   1 user user      0 Apr 11 08:59 writing

=== APP LS ===
total 1256
drwxr-xr-x   27 user user  32768 May  2 08:11 .
drwxr-xr-x   23 user user   4096 May  2 18:50 ..
-rw-r--r--    1 user user      0 May  2 06:10 0.02
-rw-r--r--    1 user user      0 Apr 11 08:59 2
-rw-r--r--    1 user user      0 Apr 11 08:59 5
-rw-r--r--    1 user user      0 Apr 11 08:59 6
drwxr-xr-x  394 user user  69632 Apr  4 09:02 .ai-backups
-rw-r--r--    1 user user   1349 Mar 22 07:51 .ai-backups.buildSpatialNarratorExport.20260322_075118.bak
-rw-r--r--    1 user user    318 Mar 22 01:08 .ai-backups.package.20260322_010817.bak
-rw-r--r--    1 user user    372 Mar 22 01:22 .ai-backups.selectedstar.20260322_012212.bak
-rw-r--r--    1 user user   2850 Mar 22 01:27 .ai-backups.spatialscene_dedupe.20260322_012706.bak
-rw-r--r--    1 user user   2797 Mar 22 01:30 .ai-backups.spatialscene_dedupe.20260322_013004.bak
-rw-r--r--    1 user user   2849 Mar 22 01:26 .ai-backups.spatialscene_useclient.20260322_012602.bak
-rw-r--r--    1 user user   7696 Mar 22 07:51 .ai-backups.SpatialStoryBundlePanel.20260322_075124.bak
-rw-r--r--    1 user user   7696 Mar 22 07:52 .ai-backups.SpatialStoryBundlePanel.insert-activeCompareSet.20260322_075201.bak
-rw-r--r--    1 user user   7912 Mar 22 07:53 .ai-backups.SpatialStoryBundlePanel.remove-bad-lines.20260322_075356.bak
-rwxr-xr-x    1 user user   7676 Apr 11 08:59 apply_tier1_lock_node.sh
-rwxr-xr-x    1 user user   8216 Apr 11 08:59 apply_tier1_lock.sh
-rw-r--r--    1 user user      0 Apr 12 20:46 ASCENT
drwxr-xr-x   25 user user   4096 Apr 28 13:13 *audit
drwxr-xr-x 3523 user user 266240 May  2 17:38 _audit
drwxr-xr-x   16 user user   4096 Apr 19 01:46 audit
drwxr-xr-x    9 user user   4096 Apr 11 08:59 _AUDIT
drwxr-xr-x   13 user user   4096 Mar 19 02:04 .backup
drwxr-xr-x    7 user user   4096 Mar 24 23:33 _backup
drwxr-xr-x    4 user user   4096 Mar 18 09:46 backups
-rw-r--r--    1 user user   1100 Mar 19 02:10 .backup_sceneStore_20260319_021051.bak
drwxr-xr-x    2 user user   4096 Mar 18 22:50 .backup-spatial
-rw-r--r--    1 user user  24619 Mar 19 02:07 .backup_SpatialScene_20260319_020737.bak
-rw-r--r--    1 user user  24086 Mar 19 02:09 .backup_SpatialScene_parsefix_20260319_020909.bak
drwxr-xr-x    2 user user   4096 Mar 19 01:34 .backup_tier1_pass_20260319_013403
-rw-r--r--    1 user user   1118 Mar 19 02:06 .backup_useGestures_20260319_020601.bak
drwxr-xr-x    2 user user   4096 Mar 19 01:23 .backup_visual_language_pass_20260319_012315
drwxr-xr-x    3 user user   4096 Apr 29 21:37 brand
-rw-r--r--    1 user user      0 Apr 11 08:59 Build
-rw-r--r--    1 user user    530 Apr 18 10:45 build.log
-rw-r--r--    1 user user   1087 Apr 12 01:35 CANON_PATH_LOCK.md
drwxr-xr-x    2 user user   4096 Apr  8 02:01 demo
drwxr-xr-x   32 user user   4096 Apr 20 12:29 docs
-rw-r--r--    1 user user    155 Apr 28 11:22 .env.local
-rw-r--r--    1 user user    465 Apr 11 08:59 eslint.config.mjs
drwxr-xr-x    2 user user   4096 Mar 16 22:40 .firebase
-rw-r--r--    1 user user    284 Apr 11 08:59 firebase.json
-rwxr-xr-x    1 user user   5811 Apr 11 08:59 fix_tier1_overlay_namespace.sh
-rwxr-xr-x    1 user user   1248 Apr 11 08:59 fix_visibility_tier1.sh
-rw-r--r--    1 user user      0 Apr 12 20:46 FOCUS
-rwxr-xr-x    1 user user   1076 Apr 11 08:59 force_scene_visibility_debug.sh
-rwxr-xr-x    1 user user    782 Apr 11 08:59 force_tier1_scene.sh
-rw-r--r--    1 user user    586 Apr 11 08:59 .gitignore
-rw-r--r--    1 user user      0 Apr 12 20:46 HOME
drwxr-xr-x    3 user user   4096 Apr  8 02:21 launch-pack
-rw-r--r--    1 user user      0 Apr 12 20:46 LIFEMAP
drwxr-xr-x    2 user user   4096 Apr 26 00:18 _locks
drwxr-xr-x    8 user user   4096 May  2 17:39 .next
-rw-r--r--    1 user user      0 Apr 18 06:54 next
-rw-r--r--    1 user user    296 Apr 11 08:59 next.config.ts
-rw-r--r--    1 user user    251 May  2 17:40 next-env.d.ts
drwxr-xr-x    6 user user   4096 Apr 25 12:31 node_modules
-rw-r--r--    1 user user     47 Apr 11 08:59 .npmrc
drwxr-xr-x    5 user user   4096 Mar 18 10:02 out
-rw-r--r--    1 user user    599 Apr 25 12:31 package.json
-rwxr-xr-x    1 user user  18130 Apr 11 08:59 pass_home_lifemap_visual_lock.sh
-rwxr-xr-x    1 user user   4829 Apr 11 08:59 pass_tier1_structural_lock.sh
-rw-r--r--    1 user user 151463 Apr 11 08:59 pnpm-lock.yaml.disabled
drwxr-xr-x    6 user user   4096 Apr 29 04:14 public
-rw-r--r--    1 user user   1450 Apr 11 08:59 README.md
-rwxr-xr-x    1 user user   1276 Apr 11 08:59 rebuild_tier1_scene.sh
-rw-r--r--    1 user user      0 Apr 12 20:46 REPLAY
drwxr-xr-x    5 user user   4096 Apr 29 21:37 scripts
drwxr-xr-x    8 user user   4096 Apr 29 21:37 src
-rwxr-xr-x    1 user user   5310 Apr 11 08:59 tier1_interaction_lock.sh
drwxr-xr-x    2 user user   4096 Apr 11 08:59 tools
-rw-r--r--    1 user user      0 Apr 18 07:41 tsc
-rw-r--r--    1 user user    945 Apr 27 09:09 tsconfig.json
-rw-r--r--    1 user user 407277 May  2 17:38 tsconfig.tsbuildinfo
drwxr-xr-x    3 user user   4096 Mar 18 09:46 .urai-runlogs
-rw-r--r--    1 user user      0 Apr 18 07:41 urai-tier1@0.1.0
-rw-r--r--    1 user user    636 Apr 11 08:59 urai-tier1-build.log

=== SRC CHECK ===
src exists
src/app exists
app missing
package.json exists

=== PNPM CHECK ===
/home/user/urai-spatial/node_modules/.bin/pnpm
8.15.9

=== TYPESCRIPT CHECK ===
run-canon-lock-safe.sh: line 32: pnpm: command not found
TSC_EXIT=127

=== BUILD CHECK ===
run-canon-lock-safe.sh: line 36: pnpm: command not found
BUILD_EXIT=127

=== END ===
Sat May  2 06:50:16 PM UTC 2026
