[debug] [2026-02-12T06:57:58.086Z] ----------------------------------------------------------------------
[debug] [2026-02-12T06:57:58.090Z] Command:       /nix/store/ixbb20farqh1f4fqbmsn6b1ixn8mc8ij-nodejs-20.18.1/bin/node /nix/store/861z9924lx0974sd2ka1zh20lvw8bsdk-firebase-tools-13.10.0/lib/node_modules/firebase-tools/lib/bin/firebase.js hosting:channel:deploy
[debug] [2026-02-12T06:57:58.091Z] CLI Version:   13.10.0
[debug] [2026-02-12T06:57:58.091Z] Platform:      linux
[debug] [2026-02-12T06:57:58.091Z] Node Version:  v20.18.1
[debug] [2026-02-12T06:57:58.091Z] Time:          Thu Feb 12 2026 06:57:58 GMT+0000 (Coordinated Universal Time)
[debug] [2026-02-12T06:57:58.092Z] ----------------------------------------------------------------------
[debug] 
[debug] [2026-02-12T06:57:58.629Z] > command requires scopes: ["email","openid","https://www.googleapis.com/auth/cloudplatformprojects.readonly","https://www.googleapis.com/auth/firebase","https://www.googleapis.com/auth/cloud-platform"]
[debug] [2026-02-12T06:57:58.630Z] > authorizing via signed-in user (adam@urailabs.com)
[debug] [2026-02-12T06:57:58.631Z] [iam] checking project urai-4dc1d for permissions ["firebase.projects.get","firebasehosting.sites.update"]
[debug] [2026-02-12T06:57:58.644Z] > refreshing access token with scopes: []
[debug] [2026-02-12T06:57:58.659Z] >>> [apiv2][query] POST https://www.googleapis.com/oauth2/v3/token [none]
[debug] [2026-02-12T06:57:58.660Z] >>> [apiv2][body] POST https://www.googleapis.com/oauth2/v3/token [omitted]
[debug] [2026-02-12T06:57:58.092Z] ----------------------------------------------------------------------
[debug] [2026-02-12T06:57:58.100Z] Command:       /nix/store/ixbb20farqh1f4fqbmsn6b1ixn8mc8ij-nodejs-20.18.1/bin/node /nix/store/861z9924lx0974sd2ka1zh20lvw8bsdk-firebase-tools-13.10.0/lib/node_modules/firebase-tools/lib/bin/firebase.js hosting:channel:deploy
[debug] [2026-02-12T06:57:58.101Z] CLI Version:   13.10.0
[debug] [2026-02-12T06:57:58.102Z] Platform:      linux
[debug] [2026-02-12T06:57:58.104Z] Node Version:  v20.18.1
[debug] [2026-02-12T06:57:58.104Z] Time:          Thu Feb 12 2026 06:57:58 GMT+0000 (Coordinated Universal Time)
[debug] [2026-02-12T06:57:58.105Z] ----------------------------------------------------------------------
[debug] 
[debug] [2026-02-12T06:57:58.594Z] > command requires scopes: ["email","openid","https://www.googleapis.com/auth/cloudplatformprojects.readonly","https://www.googleapis.com/auth/firebase","https://www.googleapis.com/auth/cloud-platform"]
[debug] [2026-02-12T06:57:58.595Z] > authorizing via signed-in user (adam@urailabs.com)
[debug] [2026-02-12T06:57:58.596Z] [iam] checking project urai-4dc1d for permissions ["firebase.projects.get","firebasehosting.sites.update"]
[debug] [2026-02-12T06:57:58.602Z] > refreshing access token with scopes: []
[debug] [2026-02-12T06:57:58.645Z] >>> [apiv2][query] POST https://www.googleapis.com/oauth2/v3/token [none]
[debug] [2026-02-12T06:57:58.646Z] >>> [apiv2][body] POST https://www.googleapis.com/oauth2/v3/token [omitted]
[debug] [2026-02-12T06:57:59.195Z] <<< [apiv2][status] POST https://www.googleapis.com/oauth2/v3/token 400
[debug] [2026-02-12T06:57:59.198Z] <<< [apiv2][body] POST https://www.googleapis.com/oauth2/v3/token [omitted]
[debug] [2026-02-12T06:57:59.199Z] [iam] error while checking permissions, command may fail: FirebaseError: Authentication Error: Your credentials are no longer valid. Please run firebase login --reauth

For CI servers and headless environments, generate a new token with firebase login:ci
[debug] [2026-02-12T06:57:59.205Z] > refreshing access token with scopes: []
[debug] [2026-02-12T06:57:59.211Z] >>> [apiv2][query] POST https://www.googleapis.com/oauth2/v3/token [none]
[debug] [2026-02-12T06:57:59.211Z] >>> [apiv2][body] POST https://www.googleapis.com/oauth2/v3/token [omitted]
[debug] [2026-02-12T06:57:59.262Z] <<< [apiv2][status] POST https://www.googleapis.com/oauth2/v3/token 400
[debug] [2026-02-12T06:57:59.267Z] <<< [apiv2][body] POST https://www.googleapis.com/oauth2/v3/token [omitted]
[debug] [2026-02-12T06:57:59.267Z] Authentication Error: Your credentials are no longer valid. Please run firebase login --reauth

For CI servers and headless environments, generate a new token with firebase login:ci
[debug] [2026-02-12T06:57:58.086Z] ----------------------------------------------------------------------
[debug] [2026-02-12T06:57:58.090Z] ----------------------------------------------------------------------
[debug] [2026-02-12T06:57:59.374Z] FirebaseError: Authentication Error: Your credentials are no longer valid. Please run firebase login --reauth

For CI servers and headless environments, generate a new token with firebase login:ci
    at invalidCredentialError (/nix/store/861z9924lx0974sd2ka1zh20lvw8bsdk-firebase-tools-13.10.0/lib/node_modules/firebase-tools/lib/auth.js:142:12)
    at refreshTokens (/nix/store/861z9924lx0974sd2ka1zh20lvw8bsdk-firebase-tools-13.10.0/lib/node_modules/firebase-tools/lib/auth.js:515:15)
    at process.processTicksAndRejections (node:internal/process/task_queues:95:5)
    at async getAccessToken (/nix/store/861z9924lx0974sd2ka1zh20lvw8bsdk-firebase-tools-13.10.0/lib/node_modules/firebase-tools/lib/apiv2.js:40:18)
    at async Client.addAuthHeader (/nix/store/861z9924lx0974sd2ka1zh20lvw8bsdk-firebase-tools-13.10.0/lib/node_modules/firebase-tools/lib/apiv2.js:167:21)
    at async Client.request (/nix/store/861z9924lx0974sd2ka1zh20lvw8bsdk-firebase-tools-13.10.0/lib/node_modules/firebase-tools/lib/apiv2.js:118:34)
    at async getFirebaseProject (/nix/store/861z9924lx0974sd2ka1zh20lvw8bsdk-firebase-tools-13.10.0/lib/node_modules/firebase-tools/lib/management/projects.js:295:21)
    at async getDefaultHostingSite (/nix/store/861z9924lx0974sd2ka1zh20lvw8bsdk-firebase-tools-13.10.0/lib/node_modules/firebase-tools/lib/getDefaultHostingSite.js:14:21)
    at async Object.requireHostingSite [as fn] (/nix/store/861z9924lx0974sd2ka1zh20lvw8bsdk-firebase-tools-13.10.0/lib/node_modules/firebase-tools/lib/requireHostingSite.js:9:18)
    at async /nix/store/861z9924lx0974sd2ka1zh20lvw8bsdk-firebase-tools-13.10.0/lib/node_modules/firebase-tools/lib/command.js:226:17
[debug] [2026-02-12T06:57:58.104Z] Command:       /nix/store/ixbb20farqh1f4fqbmsn6b1ixn8mc8ij-nodejs-20.18.1/bin/node /nix/store/861z9924lx0974sd2ka1zh20lvw8bsdk-firebase-tools-13.10.0/lib/node_modules/firebase-tools/lib/bin/firebase.js hosting:channel:deploy
[debug] [2026-02-12T06:57:58.105Z] CLI Version:   13.10.0
[debug] [2026-02-12T06:57:58.106Z] Platform:      linux
[debug] [2026-02-12T06:57:58.108Z] Node Version:  v20.18.1
[debug] [2026-02-12T06:57:58.108Z] Time:          Thu Feb 12 2026 06:57:58 GMT+0000 (Coordinated Universal Time)
[debug] [2026-02-12T06:57:58.109Z] ----------------------------------------------------------------------
[debug] 
[debug] [2026-02-12T06:57:58.605Z] > command requires scopes: ["email","openid","https://www.googleapis.com/auth/cloudplatformprojects.readonly","https://www.googleapis.com/auth/firebase","https://www.googleapis.com/auth/cloud-platform"]
[debug] [2026-02-12T06:57:58.608Z] > authorizing via signed-in user (adam@urailabs.com)
[debug] [2026-02-12T06:57:58.608Z] [iam] checking project urai-4dc1d for permissions ["firebase.projects.get","firebasehosting.sites.update"]
[debug] [2026-02-12T06:57:58.615Z] > refreshing access token with scopes: []
[debug] [2026-02-12T06:57:58.622Z] >>> [apiv2][query] POST https://www.googleapis.com/oauth2/v3/token [none]
[debug] [2026-02-12T06:57:58.622Z] >>> [apiv2][body] POST https://www.googleapis.com/oauth2/v3/token [omitted]
[debug] [2026-02-12T06:57:58.096Z] Command:       /nix/store/ixbb20farqh1f4fqbmsn6b1ixn8mc8ij-nodejs-20.18.1/bin/node /nix/store/861z9924lx0974sd2ka1zh20lvw8bsdk-firebase-tools-13.10.0/lib/node_modules/firebase-tools/lib/bin/firebase.js hosting:channel:deploy
[debug] [2026-02-12T06:57:58.097Z] CLI Version:   13.10.0
[debug] [2026-02-12T06:57:58.097Z] Platform:      linux
[debug] [2026-02-12T06:57:58.098Z] Node Version:  v20.18.1
[debug] [2026-02-12T06:57:58.098Z] Time:          Thu Feb 12 2026 06:57:58 GMT+0000 (Coordinated Universal Time)
[debug] [2026-02-12T06:57:58.098Z] ----------------------------------------------------------------------
[debug] 
[debug] [2026-02-12T06:57:58.590Z] > command requires scopes: ["email","openid","https://www.googleapis.com/auth/cloudplatformprojects.readonly","https://www.googleapis.com/auth/firebase","https://www.googleapis.com/auth/cloud-platform"]
[debug] [2026-02-12T06:57:58.591Z] > authorizing via signed-in user (adam@urailabs.com)
[debug] [2026-02-12T06:57:58.595Z] [iam] checking project urai-4dc1d for permissions ["firebase.projects.get","firebasehosting.sites.update"]
[debug] [2026-02-12T06:57:58.599Z] > refreshing access token with scopes: []
[debug] [2026-02-12T06:57:58.607Z] >>> [apiv2][query] POST https://www.googleapis.com/oauth2/v3/token [none]
[debug] [2026-02-12T06:57:58.607Z] >>> [apiv2][body] POST https://www.googleapis.com/oauth2/v3/token [omitted]
[debug] [2026-02-12T06:57:59.390Z] <<< [apiv2][status] POST https://www.googleapis.com/oauth2/v3/token 400
[error] 
[error] Error: Failed to get Firebase project urai-4dc1d. Please make sure the project exists and your account has permission to access it.
[debug] [2026-02-12T06:57:59.390Z] <<< [apiv2][body] POST https://www.googleapis.com/oauth2/v3/token [omitted]
[debug] [2026-02-12T06:57:59.394Z] [iam] error while checking permissions, command may fail: FirebaseError: Authentication Error: Your credentials are no longer valid. Please run firebase login --reauth

For CI servers and headless environments, generate a new token with firebase login:ci
[debug] [2026-02-12T06:57:59.397Z] > refreshing access token with scopes: []
[debug] [2026-02-12T06:57:59.401Z] >>> [apiv2][query] POST https://www.googleapis.com/oauth2/v3/token [none]
[debug] [2026-02-12T06:57:59.401Z] >>> [apiv2][body] POST https://www.googleapis.com/oauth2/v3/token [omitted]
[debug] [2026-02-12T06:57:59.457Z] <<< [apiv2][status] POST https://www.googleapis.com/oauth2/v3/token 400
[debug] [2026-02-12T06:57:59.458Z] <<< [apiv2][body] POST https://www.googleapis.com/oauth2/v3/token [omitted]
[debug] [2026-02-12T06:57:59.458Z] Authentication Error: Your credentials are no longer valid. Please run firebase login --reauth

For CI servers and headless environments, generate a new token with firebase login:ci
[debug] [2026-02-12T06:57:59.478Z] <<< [apiv2][status] POST https://www.googleapis.com/oauth2/v3/token 400
[debug] [2026-02-12T06:57:59.480Z] <<< [apiv2][body] POST https://www.googleapis.com/oauth2/v3/token [omitted]
[debug] [2026-02-12T06:57:59.482Z] [iam] error while checking permissions, command may fail: FirebaseError: Authentication Error: Your credentials are no longer valid. Please run firebase login --reauth

For CI servers and headless environments, generate a new token with firebase login:ci
[debug] [2026-02-12T06:57:59.483Z] > refreshing access token with scopes: []
[debug] [2026-02-12T06:57:59.484Z] >>> [apiv2][query] POST https://www.googleapis.com/oauth2/v3/token [none]
[debug] [2026-02-12T06:57:59.484Z] >>> [apiv2][body] POST https://www.googleapis.com/oauth2/v3/token [omitted]
[debug] [2026-02-12T06:57:59.508Z] FirebaseError: Authentication Error: Your credentials are no longer valid. Please run firebase login --reauth

For CI servers and headless environments, generate a new token with firebase login:ci
    at invalidCredentialError (/nix/store/861z9924lx0974sd2ka1zh20lvw8bsdk-firebase-tools-13.10.0/lib/node_modules/firebase-tools/lib/auth.js:142:12)
    at refreshTokens (/nix/store/861z9924lx0974sd2ka1zh20lvw8bsdk-firebase-tools-13.10.0/lib/node_modules/firebase-tools/lib/auth.js:515:15)
    at process.processTicksAndRejections (node:internal/process/task_queues:95:5)
    at async getAccessToken (/nix/store/861z9924lx0974sd2ka1zh20lvw8bsdk-firebase-tools-13.10.0/lib/node_modules/firebase-tools/lib/apiv2.js:40:18)
    at async Client.addAuthHeader (/nix/store/861z9924lx0974sd2ka1zh20lvw8bsdk-firebase-tools-13.10.0/lib/node_modules/firebase-tools/lib/apiv2.js:167:21)
    at async Client.request (/nix/store/861z9924lx0974sd2ka1zh20lvw8bsdk-firebase-tools-13.10.0/lib/node_modules/firebase-tools/lib/apiv2.js:118:34)
    at async getFirebaseProject (/nix/store/861z9924lx0974sd2ka1zh20lvw8bsdk-firebase-tools-13.10.0/lib/node_modules/firebase-tools/lib/management/projects.js:295:21)
    at async getDefaultHostingSite (/nix/store/861z9924lx0974sd2ka1zh20lvw8bsdk-firebase-tools-13.10.0/lib/node_modules/firebase-tools/lib/getDefaultHostingSite.js:14:21)
    at async Object.requireHostingSite [as fn] (/nix/store/861z9924lx0974sd2ka1zh20lvw8bsdk-firebase-tools-13.10.0/lib/node_modules/firebase-tools/lib/requireHostingSite.js:9:18)
    at async /nix/store/861z9924lx0974sd2ka1zh20lvw8bsdk-firebase-tools-13.10.0/lib/node_modules/firebase-tools/lib/command.js:226:17
[error] 
[error] Error: Failed to get Firebase project urai-4dc1d. Please make sure the project exists and your account has permission to access it.
[debug] [2026-02-12T06:57:59.528Z] <<< [apiv2][status] POST https://www.googleapis.com/oauth2/v3/token 400
[debug] [2026-02-12T06:57:59.529Z] <<< [apiv2][body] POST https://www.googleapis.com/oauth2/v3/token [omitted]
[debug] [2026-02-12T06:57:59.529Z] Authentication Error: Your credentials are no longer valid. Please run firebase login --reauth

For CI servers and headless environments, generate a new token with firebase login:ci
[debug] [2026-02-12T06:57:59.538Z] <<< [apiv2][status] POST https://www.googleapis.com/oauth2/v3/token 400
[debug] [2026-02-12T06:57:59.547Z] <<< [apiv2][body] POST https://www.googleapis.com/oauth2/v3/token [omitted]
[debug] [2026-02-12T06:57:59.549Z] [iam] error while checking permissions, command may fail: FirebaseError: Authentication Error: Your credentials are no longer valid. Please run firebase login --reauth

For CI servers and headless environments, generate a new token with firebase login:ci
[debug] [2026-02-12T06:57:59.554Z] > refreshing access token with scopes: []
[debug] [2026-02-12T06:57:59.555Z] >>> [apiv2][query] POST https://www.googleapis.com/oauth2/v3/token [none]
[debug] [2026-02-12T06:57:59.555Z] >>> [apiv2][body] POST https://www.googleapis.com/oauth2/v3/token [omitted]
[debug] [2026-02-12T06:57:59.578Z] FirebaseError: Authentication Error: Your credentials are no longer valid. Please run firebase login --reauth

For CI servers and headless environments, generate a new token with firebase login:ci
    at invalidCredentialError (/nix/store/861z9924lx0974sd2ka1zh20lvw8bsdk-firebase-tools-13.10.0/lib/node_modules/firebase-tools/lib/auth.js:142:12)
    at refreshTokens (/nix/store/861z9924lx0974sd2ka1zh20lvw8bsdk-firebase-tools-13.10.0/lib/node_modules/firebase-tools/lib/auth.js:515:15)
    at process.processTicksAndRejections (node:internal/process/task_queues:95:5)
    at async getAccessToken (/nix/store/861z9924lx0974sd2ka1zh20lvw8bsdk-firebase-tools-13.10.0/lib/node_modules/firebase-tools/lib/apiv2.js:40:18)
    at async Client.addAuthHeader (/nix/store/861z9924lx0974sd2ka1zh20lvw8bsdk-firebase-tools-13.10.0/lib/node_modules/firebase-tools/lib/apiv2.js:167:21)
    at async Client.request (/nix/store/861z9924lx0974sd2ka1zh20lvw8bsdk-firebase-tools-13.10.0/lib/node_modules/firebase-tools/lib/apiv2.js:118:34)
    at async getFirebaseProject (/nix/store/861z9924lx0974sd2ka1zh20lvw8bsdk-firebase-tools-13.10.0/lib/node_modules/firebase-tools/lib/management/projects.js:295:21)
    at async getDefaultHostingSite (/nix/store/861z9924lx0974sd2ka1zh20lvw8bsdk-firebase-tools-13.10.0/lib/node_modules/firebase-tools/lib/getDefaultHostingSite.js:14:21)
    at async Object.requireHostingSite [as fn] (/nix/store/861z9924lx0974sd2ka1zh20lvw8bsdk-firebase-tools-13.10.0/lib/node_modules/firebase-tools/lib/requireHostingSite.js:9:18)
    at async /nix/store/861z9924lx0974sd2ka1zh20lvw8bsdk-firebase-tools-13.10.0/lib/node_modules/firebase-tools/lib/command.js:226:17
[error] 
[error] Error: Failed to get Firebase project urai-4dc1d. Please make sure the project exists and your account has permission to access it.
[debug] [2026-02-12T06:57:59.616Z] <<< [apiv2][status] POST https://www.googleapis.com/oauth2/v3/token 400
[debug] [2026-02-12T06:57:59.618Z] <<< [apiv2][body] POST https://www.googleapis.com/oauth2/v3/token [omitted]
[debug] [2026-02-12T06:57:59.620Z] Authentication Error: Your credentials are no longer valid. Please run firebase login --reauth

For CI servers and headless environments, generate a new token with firebase login:ci
[debug] [2026-02-12T06:57:59.646Z] FirebaseError: Authentication Error: Your credentials are no longer valid. Please run firebase login --reauth

For CI servers and headless environments, generate a new token with firebase login:ci
    at invalidCredentialError (/nix/store/861z9924lx0974sd2ka1zh20lvw8bsdk-firebase-tools-13.10.0/lib/node_modules/firebase-tools/lib/auth.js:142:12)
    at refreshTokens (/nix/store/861z9924lx0974sd2ka1zh20lvw8bsdk-firebase-tools-13.10.0/lib/node_modules/firebase-tools/lib/auth.js:515:15)
    at process.processTicksAndRejections (node:internal/process/task_queues:95:5)
    at async getAccessToken (/nix/store/861z9924lx0974sd2ka1zh20lvw8bsdk-firebase-tools-13.10.0/lib/node_modules/firebase-tools/lib/apiv2.js:40:18)
    at async Client.addAuthHeader (/nix/store/861z9924lx0974sd2ka1zh20lvw8bsdk-firebase-tools-13.10.0/lib/node_modules/firebase-tools/lib/apiv2.js:167:21)
    at async Client.request (/nix/store/861z9924lx0974sd2ka1zh20lvw8bsdk-firebase-tools-13.10.0/lib/node_modules/firebase-tools/lib/apiv2.js:118:34)
    at async getFirebaseProject (/nix/store/861z9924lx0974sd2ka1zh20lvw8bsdk-firebase-tools-13.10.0/lib/node_modules/firebase-tools/lib/management/projects.js:295:21)
    at async getDefaultHostingSite (/nix/store/861z9924lx0974sd2ka1zh20lvw8bsdk-firebase-tools-13.10.0/lib/node_modules/firebase-tools/lib/getDefaultHostingSite.js:14:21)
    at async Object.requireHostingSite [as fn] (/nix/store/861z9924lx0974sd2ka1zh20lvw8bsdk-firebase-tools-13.10.0/lib/node_modules/firebase-tools/lib/requireHostingSite.js:9:18)
    at async /nix/store/861z9924lx0974sd2ka1zh20lvw8bsdk-firebase-tools-13.10.0/lib/node_modules/firebase-tools/lib/command.js:226:17
[error] 
[error] Error: Failed to get Firebase project urai-4dc1d. Please make sure the project exists and your account has permission to access it.
