node:internal/modules/run_main:107
    triggerUncaughtException(
    ^

AssertionError [ERR_ASSERTION]: missing expected file: src/lib/urai-field-reconstruction.ts
    at read (file:///workspace/scratch/18bebbbebb60/urai-assets-receipts/urai-tier1/tests/field-reconstruction-phase5-contract.test.mjs:10:10)
    at file:///workspace/scratch/18bebbbebb60/urai-assets-receipts/urai-tier1/tests/field-reconstruction-phase5-contract.test.mjs:14:21
    at ModuleJob.run (node:internal/modules/esm/module_job:439:25)
    at async node:internal/modules/esm/loader:643:26
    at async asyncRunEntryPointWithESMLoader (node:internal/modules/run_main:101:5) {
  generatedMessage: false,
  code: 'ERR_ASSERTION',
  actual: false,
  expected: true,
  operator: '==',
  diff: 'simple'
}

Node.js v24.19.0
✖ urai-tier1/tests/field-reconstruction-phase5-contract.test.mjs (277.227587ms)
ℹ tests 1
ℹ suites 0
ℹ pass 0
ℹ fail 1
ℹ cancelled 0
ℹ skipped 0
ℹ todo 0
ℹ duration_ms 292.988072

✖ failing tests:

test at urai-tier1/tests/field-reconstruction-phase5-contract.test.mjs:1:1
✖ urai-tier1/tests/field-reconstruction-phase5-contract.test.mjs (277.227587ms)
  'test failed'
