=== PHASE 2 FOCUS LOCK PATCH ===
ROOT=/home/user/urai-spatial
APP=/home/user/urai-spatial/urai-tier1
AUDIT=/home/user/urai-spatial/_audit/phase2_focus_lock_20260328_063319
=== WRITE CANON-COMPLIANT FOCUS LOCK SCENE ===
=== TYPECHECK ===
=== BUILD ===

> urai-tier1@0.1.0 build /home/user/urai-spatial/urai-tier1
> next build --webpack

▲ Next.js 16.2.1 (webpack)

  Creating an optimized production build ...
✓ Compiled successfully in 8.5s
  Running TypeScript ...
  Finished TypeScript in 31.4s ...
  Collecting page data using 1 worker ...
  Generating static pages using 1 worker (0/3) ...
✓ Generating static pages using 1 worker (3/3) in 911ms
  Finalizing page optimization ...
  Collecting build traces ...

Route (app)
┌ ○ /
└ ○ /_not-found


○  (Static)  prerendered as static content

=== WRITE AUDIT NOTES ===
=== DONE ===
Backups: /home/user/urai-spatial/_audit/phase2_focus_lock_20260328_063319/backups
Audit:   /home/user/urai-spatial/_audit/phase2_focus_lock_20260328_063319

START DEV:
cd /home/user/urai-spatial && pnpm --filter urai-tier1 dev
