
== where am i ==
/home/user/urai-spatial/urai-tier1
phase6-real-memory-20260316_161755
Filesystem                   Size  Used Avail Use% Mounted on
/dev/disk/by-id/google-home  9.8G  6.4G  2.9G  69% /home

== backup configs ==

== quarantine duplicate ts config ==

== write canonical next config ==

== write local firebase config ==

== show configs ==

$ sed -n '1,220p' next.config.js
_MONOSPACE_ENV_STARTED_=http://localhost:80/
/** @type {import('next').NextConfig} */
const nextConfig = {
  output: "export",
  images: {
    unoptimized: true,
  },
  turbopack: {
    root: "/home/user/urai-spatial",
  },
  allowedDevOrigins: [
    "3000-firebase-urai-spatial-1769687960051.cluster-c72u3gwiofapkvxrcwjq5zllcu.cloudworkstations.dev",
  ],
};

module.exports = nextConfig;
RC=0

$ sed -n '1,220p' firebase.json
_MONOSPACE_ENV_STARTED_=http://localhost:80/
{
  "hosting": {
    "public": "out",
    "ignore": [
      "firebase.json",
      "**/.*",
      "**/node_modules/**"
    ],
    "cleanUrls": true,
    "trailingSlash": false,
    "rewrites": [
      {
        "source": "**",
        "destination": "/index.html"
      }
    ]
  }
}
RC=0

== clean outputs ==

$ rm -rf .next out
_MONOSPACE_ENV_STARTED_=http://localhost:80/
RC=0

== build ==

$ pnpm build
_MONOSPACE_ENV_STARTED_=http://localhost:80/

> urai-tier1@0.1.0 build /home/user/urai-spatial/urai-tier1
> next build

▲ Next.js 16.1.6 (Turbopack)

  Creating an optimized production build ...
✓ Compiled successfully in 17.6s
  Running TypeScript ...
  Collecting page data using 1 worker ...
  Generating static pages using 1 worker (0/4) ...
  Generating static pages using 1 worker (1/4) 
  Generating static pages using 1 worker (2/4) 
  Generating static pages using 1 worker (3/4) 
✓ Generating static pages using 1 worker (4/4) in 462.5ms
  Finalizing page optimization ...

Route (app)
┌ ○ /
└ ○ /_not-found


○  (Static)  prerendered as static content

RC=0

== verify export output ==

$ ls -la
_MONOSPACE_ENV_STARTED_=http://localhost:80/
total 236
drwxr-xr-x 13 user user   4096 Mar 16 22:42 .
drwxr-xr-x 15 user user   4096 Mar 16 22:36 ..
drwxr-xr-x 21 user user   4096 Mar 16 22:41 _audit
drwxr-xr-x  3 user user   4096 Mar 16 09:23 _backup
drwxr-xr-x  3 user user   4096 Mar 15 10:08 engine
-rw-r--r--  1 user user    465 Mar  3 21:54 eslint.config.mjs
drwxr-xr-x  2 user user   4096 Mar 16 22:40 .firebase
-rw-r--r--  1 user user    284 Mar 16 22:41 firebase.json
-rw-r--r--  1 user user    586 Mar 16 10:42 .gitignore
drwxr-xr-x  9 user user   4096 Mar 16 22:42 .next
-rw-r--r--  1 user user    345 Mar 16 22:41 next.config.js
-rw-r--r--  1 user user    247 Mar 16 22:41 next-env.d.ts
drwxr-xr-x  7 user user   4096 Mar 16 22:34 node_modules
drwxr-xr-x  4 user user   4096 Mar 16 22:42 out
-rw-r--r--  1 user user    934 Mar 16 12:33 package.json
-rw-r--r--  1 user user 151463 Mar 16 07:25 pnpm-lock.yaml
-rw-r--r--  1 user user     94 Mar  3 21:54 postcss.config.mjs
drwxr-xr-x  2 user user   4096 Mar  3 21:54 public
drwxr-xr-x  4 user user   4096 Mar 16 15:49 _quarantine
-rw-r--r--  1 user user   1450 Mar  3 21:54 README.md
drwxr-xr-x  2 user user   4096 Mar 16 12:33 scripts
drwxr-xr-x  6 user user   4096 Mar 16 07:25 src
-rw-r--r--  1 user user    801 Mar 16 09:25 tsconfig.json
RC=0

$ ls -la out
_MONOSPACE_ENV_STARTED_=http://localhost:80/
total 124
drwxr-xr-x  4 user user  4096 Mar 16 22:42 .
drwxr-xr-x 13 user user  4096 Mar 16 22:42 ..
-rw-r--r--  1 user user  7898 Mar 16 22:42 404.html
-rw-r--r--  1 user user 25931 Mar 16 22:42 favicon.ico
-rw-r--r--  1 user user   391 Mar 16 22:42 file.svg
-rw-r--r--  1 user user  1035 Mar 16 22:42 globe.svg
-rw-r--r--  1 user user  9593 Mar 16 22:42 index.html
-rw-r--r--  1 user user  3731 Mar 16 22:42 index.txt
drwxr-xr-x  4 user user  4096 Mar 16 22:42 _next
-rw-r--r--  1 user user  3731 Mar 16 22:42 __next._full.txt
-rw-r--r--  1 user user   976 Mar 16 22:42 __next._head.txt
-rw-r--r--  1 user user  1788 Mar 16 22:42 __next._index.txt
-rw-r--r--  1 user user   501 Mar 16 22:42 __next.__PAGE__.txt
-rw-r--r--  1 user user  1375 Mar 16 22:42 next.svg
-rw-r--r--  1 user user   567 Mar 16 22:42 __next._tree.txt
drwxr-xr-x  2 user user  4096 Mar 16 22:42 _not-found
-rw-r--r--  1 user user  7898 Mar 16 22:42 _not-found.html
-rw-r--r--  1 user user  4897 Mar 16 22:42 _not-found.txt
-rw-r--r--  1 user user   128 Mar 16 22:42 vercel.svg
-rw-r--r--  1 user user   385 Mar 16 22:42 window.svg
RC=0

$ find out -maxdepth 2 -type f | sed -n '1,120p'
_MONOSPACE_ENV_STARTED_=http://localhost:80/
out/next.svg
out/window.svg
out/favicon.ico
out/_not-found.txt
out/__next._head.txt
out/__next._full.txt
out/index.txt
out/__next._tree.txt
out/_not-found.html
out/vercel.svg
out/__next.__PAGE__.txt
out/__next._index.txt
out/file.svg
out/globe.svg
out/index.html
out/_not-found/__next._head.txt
out/_not-found/__next._not-found.__PAGE__.txt
out/_not-found/__next._full.txt
out/_not-found/__next._tree.txt
out/_not-found/__next._index.txt
out/_not-found/__next._not-found.txt
out/404.html
RC=0

== firebase auth and project ==

$ firebase login:list
_MONOSPACE_ENV_STARTED_=http://localhost:80/
Logged in as adam@urailabs.com
RC=0

$ firebase use --add urai-4dc1d
_MONOSPACE_ENV_STARTED_=http://localhost:80/
Updating Studio Workspace active project to match Firebase CLI 'urai-4dc1d'
Now using project urai-4dc1d
RC=0

$ firebase use urai-4dc1d
_MONOSPACE_ENV_STARTED_=http://localhost:80/
Updating Studio Workspace active project to match Firebase CLI 'urai-4dc1d'
Now using project urai-4dc1d
RC=0

== preview deploy ==

$ firebase hosting:channel:deploy preview-20260316_224129 --project urai-4dc1d --expires 7d
_MONOSPACE_ENV_STARTED_=http://localhost:80/
✔  hosting:channel: Channel preview-20260316-224129 has been created on site urai-4dc1d.

=== Deploying to 'urai-4dc1d'...

i  deploying hosting
i  hosting[urai-4dc1d]: beginning deploy...
i  hosting[urai-4dc1d]: found 41 files in out
✔  hosting[urai-4dc1d]: file upload complete
i  hosting[urai-4dc1d]: finalizing version...
✔  hosting[urai-4dc1d]: version finalized
i  hosting[urai-4dc1d]: releasing new version...
✔  hosting[urai-4dc1d]: release complete

✔  Deploy complete!

Project Console: https://console.firebase.google.com/project/urai-4dc1d/overview
Hosting URL: https://urai-4dc1d.web.app

✔  hosting:channel: Channel URL (urai-4dc1d): https://urai-4dc1d--preview-20260316-224129-xo2mtlbv.web.app [expires 2026-03-23 22:42:29]
RC=0

== done ==
AUDIT=/home/user/urai-spatial/urai-tier1/_audit/static-fix-20260316_224129
