src/lib/uraiCanon/starData.ts(1,15): error TS2305: Module '"./starTypes"' has no exported member 'LifeMapStar'.
src/lib/uraiCanon/starData.ts(1,28): error TS2305: Module '"./starTypes"' has no exported member 'StarTone'.
src/lib/uraiCanon/starData.ts(1,38): error TS2305: Module '"./starTypes"' has no exported member 'Vec3'.
src/lib/uraiCanon/starSchema.ts(1,15): error TS2305: Module '"./starTypes"' has no exported member 'LifeMapStar'.
src/lib/uraiCanon/starSchema.ts(1,28): error TS2305: Module '"./starTypes"' has no exported member 'SelectedStar'.
src/lib/uraiCanon/starSchema.ts(1,52): error TS2305: Module '"./starTypes"' has no exported member 'StarTone'.
src/lib/uraiCanon/starSchema.ts(1,62): error TS2305: Module '"./starTypes"' has no exported member 'Vec3'.
src/spatial/components/LifeMapStarfield.tsx(12,8): error TS2307: Cannot find module '@/src/lib/uraiCanon/starfieldDepth' or its corresponding type declarations.
src/spatial/components/LifeMapStarfield.tsx(86,28): error TS2339: Property 'x' does not exist on type 'PositionLike'.
  Property 'x' does not exist on type 'Vec3Tuple'.
src/spatial/components/LifeMapStarfield.tsx(87,28): error TS2339: Property 'y' does not exist on type 'PositionLike'.
  Property 'y' does not exist on type 'Vec3Tuple'.
src/spatial/components/LifeMapStarfield.tsx(88,28): error TS2339: Property 'z' does not exist on type 'PositionLike'.
  Property 'z' does not exist on type 'Vec3Tuple'.
src/spatial/components/Starfield.tsx(12,8): error TS2307: Cannot find module '@/src/lib/uraiCanon/starfieldDepth' or its corresponding type declarations.
src/spatial/components/Starfield.tsx(86,28): error TS2339: Property 'x' does not exist on type 'PositionLike'.
  Property 'x' does not exist on type 'Vec3Tuple'.
src/spatial/components/Starfield.tsx(87,28): error TS2339: Property 'y' does not exist on type 'PositionLike'.
  Property 'y' does not exist on type 'Vec3Tuple'.
src/spatial/components/Starfield.tsx(88,28): error TS2339: Property 'z' does not exist on type 'PositionLike'.
  Property 'z' does not exist on type 'Vec3Tuple'.
src/spatial/scene/SpatialScene.tsx(1,34): error TS2307: Cannot find module '@/lib/uraiCanon/starSchema' or its corresponding type declarations.
src/spatial/scene/SpatialScene.tsx(81,50): error TS2304: Cannot find name 'ry'.
